Component: ARM Compiler 5.05 update 1 (build 106) Tool: armlink [4d0efa]

==============================================================================

Section Cross References

    startup_stm32f105xc.o(RESET) refers to startup_stm32f105xc.o(STACK) for __initial_sp
    startup_stm32f105xc.o(RESET) refers to startup_stm32f105xc.o(.text) for Reset_Handler
    startup_stm32f105xc.o(RESET) refers to stm32f1xx_it.o(i.NMI_Handler) for NMI_Handler
    startup_stm32f105xc.o(RESET) refers to stm32f1xx_it.o(i.HardFault_Handler) for HardFault_Handler
    startup_stm32f105xc.o(RESET) refers to stm32f1xx_it.o(i.MemManage_Handler) for MemManage_Handler
    startup_stm32f105xc.o(RESET) refers to stm32f1xx_it.o(i.BusFault_Handler) for BusFault_Handler
    startup_stm32f105xc.o(RESET) refers to stm32f1xx_it.o(i.UsageFault_Handler) for UsageFault_Handler
    startup_stm32f105xc.o(RESET) refers to stm32f1xx_it.o(i.SVC_Handler) for SVC_Handler
    startup_stm32f105xc.o(RESET) refers to stm32f1xx_it.o(i.DebugMon_Handler) for DebugMon_Handler
    startup_stm32f105xc.o(RESET) refers to stm32f1xx_it.o(i.PendSV_Handler) for PendSV_Handler
    startup_stm32f105xc.o(RESET) refers to stm32f1xx_it.o(i.SysTick_Handler) for SysTick_Handler
    startup_stm32f105xc.o(RESET) refers to stm32f1xx_it.o(i.CAN1_RX0_IRQHandler) for CAN1_RX0_IRQHandler
    startup_stm32f105xc.o(RESET) refers to stm32f1xx_it.o(i.CAN1_RX1_IRQHandler) for CAN1_RX1_IRQHandler
    startup_stm32f105xc.o(RESET) refers to stm32f1xx_it.o(i.TIM3_IRQHandler) for TIM3_IRQHandler
    startup_stm32f105xc.o(RESET) refers to stm32f1xx_it.o(i.USART2_IRQHandler) for USART2_IRQHandler
    startup_stm32f105xc.o(RESET) refers to stm32f1xx_it.o(i.CAN2_RX0_IRQHandler) for CAN2_RX0_IRQHandler
    startup_stm32f105xc.o(RESET) refers to stm32f1xx_it.o(i.CAN2_RX1_IRQHandler) for CAN2_RX1_IRQHandler
    startup_stm32f105xc.o(.text) refers to system_stm32f1xx.o(i.SystemInit) for SystemInit
    startup_stm32f105xc.o(.text) refers to entry.o(.ARM.Collect$$$$00000000) for __main
    main.o(i.MX_GPIO_Init) refers to stm32f1xx_hal_gpio.o(i.HAL_GPIO_WritePin) for HAL_GPIO_WritePin
    main.o(i.MX_GPIO_Init) refers to stm32f1xx_hal_gpio.o(i.HAL_GPIO_Init) for HAL_GPIO_Init
    main.o(i.SystemClock_Config) refers to stm32f1xx_hal_rcc.o(i.HAL_RCC_OscConfig) for HAL_RCC_OscConfig
    main.o(i.SystemClock_Config) refers to stm32f1xx_hal_rcc.o(i.HAL_RCC_ClockConfig) for HAL_RCC_ClockConfig
    main.o(i.SystemClock_Config) refers to stm32f1xx_hal_rcc.o(i.HAL_RCC_GetHCLKFreq) for HAL_RCC_GetHCLKFreq
    main.o(i.SystemClock_Config) refers to stm32f1xx_hal_cortex.o(i.HAL_SYSTICK_Config) for HAL_SYSTICK_Config
    main.o(i.SystemClock_Config) refers to stm32f1xx_hal_cortex.o(i.HAL_SYSTICK_CLKSourceConfig) for HAL_SYSTICK_CLKSourceConfig
    main.o(i.SystemClock_Config) refers to stm32f1xx_hal_cortex.o(i.HAL_NVIC_SetPriority) for HAL_NVIC_SetPriority
    main.o(i.main) refers to stm32f1xx_hal.o(i.HAL_Init) for HAL_Init
    main.o(i.main) refers to main.o(i.SystemClock_Config) for SystemClock_Config
    main.o(i.main) refers to main.o(i.MX_GPIO_Init) for MX_GPIO_Init
    main.o(i.main) refers to device_led.o(i.LED_Init) for LED_Init
    main.o(i.main) refers to bsp_can.o(i.CAN1_Init) for CAN1_Init
    main.o(i.main) refers to bsp_can.o(i.CAN2_Init) for CAN2_Init
    main.o(i.main) refers to usart.o(i.MX_USART2_UART_Init) for MX_USART2_UART_Init
    main.o(i.main) refers to usart.o(i.MX_USART3_UART_Init) for MX_USART3_UART_Init
    main.o(i.main) refers to spi.o(i.MX_SPI1_Init) for MX_SPI1_Init
    main.o(i.main) refers to oled.o(i.oled_init) for oled_init
    main.o(i.main) refers to stm32f1xx_hal_can.o(i.HAL_CAN_Receive_IT) for HAL_CAN_Receive_IT
    main.o(i.main) refers to adc.o(i.MX_ADC1_Init) for MX_ADC1_Init
    main.o(i.main) refers to tim.o(i.TIM1_PWM_Init) for TIM1_PWM_Init
    main.o(i.main) refers to stm32f1xx_hal.o(i.HAL_Delay) for HAL_Delay
    main.o(i.main) refers to module_chassis.o(i.Chassis) for Chassis
    main.o(i.main) refers to tim.o(i.TIM_SetTIM1Compare2) for TIM_SetTIM1Compare2
    main.o(i.main) refers to printfa.o(i.__0printf) for __2printf
    main.o(i.main) refers to bsp_can.o(.bss) for hcan1
    main.o(i.main) refers to protocal.o(.data) for pack_motor
    stm32f1xx_it.o(i.CAN1_RX0_IRQHandler) refers to stm32f1xx_hal_can.o(i.HAL_CAN_IRQHandler) for HAL_CAN_IRQHandler
    stm32f1xx_it.o(i.CAN1_RX0_IRQHandler) refers to bsp_can.o(.bss) for hcan1
    stm32f1xx_it.o(i.CAN1_RX1_IRQHandler) refers to stm32f1xx_hal_can.o(i.HAL_CAN_IRQHandler) for HAL_CAN_IRQHandler
    stm32f1xx_it.o(i.CAN1_RX1_IRQHandler) refers to bsp_can.o(.bss) for hcan1
    stm32f1xx_it.o(i.CAN2_RX0_IRQHandler) refers to stm32f1xx_hal_can.o(i.HAL_CAN_IRQHandler) for HAL_CAN_IRQHandler
    stm32f1xx_it.o(i.CAN2_RX0_IRQHandler) refers to bsp_can.o(.bss) for hcan2
    stm32f1xx_it.o(i.CAN2_RX1_IRQHandler) refers to stm32f1xx_hal_can.o(i.HAL_CAN_IRQHandler) for HAL_CAN_IRQHandler
[...]
    Removing stm32f1xx_hal_uart.o(i.HAL_UART_AbortReceiveCpltCallback), (2 bytes).
    Removing stm32f1xx_hal_uart.o(i.HAL_UART_AbortReceive_IT), (92 bytes).
    Removing stm32f1xx_hal_uart.o(i.HAL_UART_AbortTransmit), (58 bytes).
    Removing stm32f1xx_hal_uart.o(i.HAL_UART_AbortTransmitCpltCallback), (2 bytes).
    Removing stm32f1xx_hal_uart.o(i.HAL_UART_AbortTransmit_IT), (84 bytes).
    Removing stm32f1xx_hal_uart.o(i.HAL_UART_Abort_IT), (172 bytes).
    Removing stm32f1xx_hal_uart.o(i.HAL_UART_DMAPause), (102 bytes).
    Removing stm32f1xx_hal_uart.o(i.HAL_UART_DMAResume), (94 bytes).
    Removing stm32f1xx_hal_uart.o(i.HAL_UART_DMAStop), (88 bytes).
    Removing stm32f1xx_hal_uart.o(i.HAL_UART_DeInit), (40 bytes).
    Removing stm32f1xx_hal_uart.o(i.HAL_UART_ErrorCallback), (2 bytes).
    Removing stm32f1xx_hal_uart.o(i.HAL_UART_GetError), (4 bytes).
    Removing stm32f1xx_hal_uart.o(i.HAL_UART_GetState), (10 bytes).
    Removing stm32f1xx_hal_uart.o(i.HAL_UART_MspDeInit), (2 bytes).
    Removing stm32f1xx_hal_uart.o(i.HAL_UART_MspInit), (2 bytes).
    Removing stm32f1xx_hal_uart.o(i.HAL_UART_Receive), (186 bytes).
    Removing stm32f1xx_hal_uart.o(i.HAL_UART_Receive_DMA), (152 bytes).
    Removing stm32f1xx_hal_uart.o(i.HAL_UART_RxCpltCallback), (2 bytes).
    Removing stm32f1xx_hal_uart.o(i.HAL_UART_RxHalfCpltCallback), (2 bytes).
    Removing stm32f1xx_hal_uart.o(i.HAL_UART_Transmit_DMA), (128 bytes).
    Removing stm32f1xx_hal_uart.o(i.HAL_UART_Transmit_IT), (62 bytes).
    Removing stm32f1xx_hal_uart.o(i.HAL_UART_TxHalfCpltCallback), (2 bytes).
    Removing stm32f1xx_hal_uart.o(i.UART_DMAError), (74 bytes).
    Removing stm32f1xx_hal_uart.o(i.UART_DMAReceiveCplt), (60 bytes).
    Removing stm32f1xx_hal_uart.o(i.UART_DMARxAbortCallback), (42 bytes).
    Removing stm32f1xx_hal_uart.o(i.UART_DMARxHalfCplt), (10 bytes).
    Removing stm32f1xx_hal_uart.o(i.UART_DMARxOnlyAbortCallback), (20 bytes).
    Removing stm32f1xx_hal_uart.o(i.UART_DMATransmitCplt), (46 bytes).
    Removing stm32f1xx_hal_uart.o(i.UART_DMATxAbortCallback), (42 bytes).
    Removing stm32f1xx_hal_uart.o(i.UART_DMATxHalfCplt), (10 bytes).
    Removing stm32f1xx_hal_uart.o(i.UART_DMATxOnlyAbortCallback), (20 bytes).
    Removing stm32f1xx_hal_uart.o(i.UART_EndTxTransfer), (18 bytes).
    Removing stm32f1xx_hal_adc.o(.rev16_text), (4 bytes).
    Removing stm32f1xx_hal_adc.o(.revsh_text), (4 bytes).
    Removing stm32f1xx_hal_adc.o(.rrx_text), (6 bytes).
    Removing stm32f1xx_hal_adc.o(i.ADC_DMAConvCplt), (78 bytes).
    Removing stm32f1xx_hal_adc.o(i.ADC_DMAError), (26 bytes).
    Removing stm32f1xx_hal_adc.o(i.ADC_DMAHalfConvCplt), (10 bytes).
    Removing stm32f1xx_hal_adc.o(i.ADC_Enable), (112 bytes).
    Removing stm32f1xx_hal_adc.o(i.HAL_ADC_AnalogWDGConfig), (88 bytes).
    Removing stm32f1xx_hal_adc.o(i.HAL_ADC_ConvCpltCallback), (2 bytes).
    Removing stm32f1xx_hal_adc.o(i.HAL_ADC_ConvHalfCpltCallback), (2 bytes).
    Removing stm32f1xx_hal_adc.o(i.HAL_ADC_DeInit), (228 bytes).
    Removing stm32f1xx_hal_adc.o(i.HAL_ADC_ErrorCallback), (2 bytes).
    Removing stm32f1xx_hal_adc.o(i.HAL_ADC_GetError), (4 bytes).
    Removing stm32f1xx_hal_adc.o(i.HAL_ADC_GetState), (4 bytes).
    Removing stm32f1xx_hal_adc.o(i.HAL_ADC_GetValue), (6 bytes).
    Removing stm32f1xx_hal_adc.o(i.HAL_ADC_IRQHandler), (230 bytes).
    Removing stm32f1xx_hal_adc.o(i.HAL_ADC_LevelOutOfWindowCallback), (2 bytes).
    Removing stm32f1xx_hal_adc.o(i.HAL_ADC_MspDeInit), (2 bytes).
    Removing stm32f1xx_hal_adc.o(i.HAL_ADC_MspInit), (2 bytes).
    Removing stm32f1xx_hal_adc.o(i.HAL_ADC_PollForConversion), (304 bytes).
    Removing stm32f1xx_hal_adc.o(i.HAL_ADC_PollForEvent), (84 bytes).
    Removing stm32f1xx_hal_adc.o(i.HAL_ADC_Start), (192 bytes).
    Removing stm32f1xx_hal_adc.o(i.HAL_ADC_Start_DMA), (268 bytes).
    Removing stm32f1xx_hal_adc.o(i.HAL_ADC_Start_IT), (204 bytes).
    Removing stm32f1xx_hal_adc.o(i.HAL_ADC_Stop), (52 bytes).
    Removing stm32f1xx_hal_adc.o(i.HAL_ADC_Stop_DMA), (76 bytes).
    Removing stm32f1xx_hal_adc.o(i.HAL_ADC_Stop_IT), (62 bytes).
    Removing stm32f1xx_hal_adc_ex.o(.rev16_text), (4 bytes).
    Removing stm32f1xx_hal_adc_ex.o(.revsh_text), (4 bytes).
    Removing stm32f1xx_hal_adc_ex.o(.rrx_text), (6 bytes).
    Removing stm32f1xx_hal_adc_ex.o(i.HAL_ADCEx_Calibration_Start), (200 bytes).
    Removing stm32f1xx_hal_adc_ex.o(i.HAL_ADCEx_InjectedConfigChannel), (476 bytes).
    Removing stm32f1xx_hal_adc_ex.o(i.HAL_ADCEx_InjectedConvCpltCallback), (2 bytes).
    Removing stm32f1xx_hal_adc_ex.o(i.HAL_ADCEx_InjectedGetValue), (30 bytes).
    Removing stm32f1xx_hal_adc_ex.o(i.HAL_ADCEx_InjectedPollForConversion), (292 bytes).
    Removing stm32f1xx_hal_adc_ex.o(i.HAL_ADCEx_InjectedStart), (168 bytes).
    Removing stm32f1xx_hal_adc_ex.o(i.HAL_ADCEx_InjectedStart_IT), (180 bytes).
    Removing stm32f1xx_hal_adc_ex.o(i.HAL_ADCEx_InjectedStop), (78 bytes).
    Removing stm32f1xx_hal_adc_ex.o(i.HAL_ADCEx_InjectedStop_IT), (88 bytes).
    Removing stm32f1xx_hal_adc_ex.o(i.HAL_ADCEx_MultiModeConfigChannel), (100 bytes).
    Removing stm32f1xx_hal_adc_ex.o(i.HAL_ADCEx_MultiModeGetValue), (32 bytes).
    Removing stm32f1xx_hal_adc_ex.o(i.HAL_ADCEx_MultiModeStart_DMA), (232 bytes).
    Removing stm32f1xx_hal_adc_ex.o(i.HAL_ADCEx_MultiModeStop_DMA), (116 bytes).
    Removing system_stm32f1xx.o(.rev16_text), (4 bytes).
    Removing system_stm32f1xx.o(.revsh_text), (4 bytes).
    Removing system_stm32f1xx.o(.rrx_text), (6 bytes).
    Removing system_stm32f1xx.o(i.SystemCoreClockUpdate), (156 bytes).
    Removing stm32f1xx_hal_msp.o(.rev16_text), (4 bytes).
    Removing stm32f1xx_hal_msp.o(.revsh_text), (4 bytes).
    Removing stm32f1xx_hal_msp.o(.rrx_text), (6 bytes).
    Removing stm32f1xx_hal_msp.o(i.HAL_CAN_MspDeInit), (124 bytes).
    Removing filter.o(i.filter1Reset), (8 bytes).
    Removing pid.o(.rev16_text), (4 bytes).
    Removing pid.o(.revsh_text), (4 bytes).
    Removing pid.o(.rrx_text), (6 bytes).
    Removing pid.o(i.imu_pid), (226 bytes).
    Removing pid.o(i.pidReset), (16 bytes).
    Removing bsp_gpio.o(.rev16_text), (4 bytes).
    Removing bsp_gpio.o(.revsh_text), (4 bytes).
    Removing bsp_gpio.o(.rrx_text), (6 bytes).
    Removing bsp_can.o(.rev16_text), (4 bytes).
    Removing bsp_can.o(.revsh_text), (4 bytes).
    Removing bsp_can.o(.rrx_text), (6 bytes).
    Removing bsp_can.o(i.Can1SendMsg), (68 bytes).
    Removing bsp_can.o(i.Can1SendMsg_TEST), (60 bytes).
    Removing bsp_can.o(i.Can2RecDatas), (64 bytes).
    Removing spi.o(.rev16_text), (4 bytes).
    Removing spi.o(.revsh_text), (4 bytes).
    Removing spi.o(.rrx_text), (6 bytes).
    Removing spi.o(i.HAL_SPI_MspDeInit), (40 bytes).
    Removing delay.o(.rev16_text), (4 bytes).
    Removing delay.o(.revsh_text), (4 bytes).
    Removing delay.o(.rrx_text), (6 bytes).
    Removing delay.o(i.delay_init), (20 bytes).
    Removing delay.o(i.delay_ms), (26 bytes).
    Removing delay.o(i.delay_us), (52 bytes).
    Removing delay.o(.data), (4 bytes).
    Removing iic.o(.rev16_text), (4 bytes).
    Removing iic.o(.revsh_text), (4 bytes).
    Removing iic.o(.rrx_text), (6 bytes).
    Removing iic.o(i.Delay_us), (20 bytes).
    Removing iic.o(i.IIC_Init), (92 bytes).
    Removing iic.o(i.IIC_Read), (104 bytes).
    Removing iic.o(i.IIC_Read_Byte), (160 bytes).
    Removing iic.o(i.IIC_SDA_IN), (28 bytes).
    Removing iic.o(i.IIC_SDA_OUT), (28 bytes).
    Removing iic.o(i.IIC_Send_Byte), (96 bytes).
    Removing iic.o(i.IIC_Start), (96 bytes).
    Removing iic.o(i.IIC_Stop), (68 bytes).
    Removing iic.o(i.IIC_Wait_Ack), (92 bytes).
    Removing iic.o(i.IIC_Write), (82 bytes).
    Removing tim.o(.rev16_text), (4 bytes).
    Removing tim.o(.revsh_text), (4 bytes).
    Removing tim.o(.rrx_text), (6 bytes).
    Removing tim.o(i.HAL_TIM_Base_MspInit), (60 bytes).
    Removing tim.o(i.HAL_TIM_PeriodElapsedCallback), (2 bytes).
    Removing tim.o(i.TIM1_IRQHandler), (12 bytes).
    Removing tim.o(i.TIM1_Init), (44 bytes).
    Removing adc.o(.rev16_text), (4 bytes).
    Removing adc.o(.revsh_text), (4 bytes).
    Removing adc.o(.rrx_text), (6 bytes).
    Removing adc.o(i.HAL_ADC_MspDeInit), (40 bytes).
    Removing usart.o(.rev16_text), (4 bytes).
    Removing usart.o(.revsh_text), (4 bytes).
    Removing usart.o(.rrx_text), (6 bytes).
    Removing usart.o(i.HAL_UART_MspDeInit), (88 bytes).
    Removing device_led.o(.rev16_text), (4 bytes).
    Removing device_led.o(.revsh_text), (4 bytes).
    Removing device_led.o(.rrx_text), (6 bytes).
    Removing device_led.o(i.LED_Off), (44 bytes).
    Removing device_led.o(i.LED_On), (44 bytes).
    Removing device_led.o(i.LED_Toggle), (52 bytes).
    Removing device_m2006.o(.rev16_text), (4 bytes).
    Removing device_m2006.o(.revsh_text), (4 bytes).
    Removing device_m2006.o(.rrx_text), (6 bytes).
    Removing device_m2006.o(i.m2006ResetFeedBack), (38 bytes).
    Removing oled.o(.rev16_text), (4 bytes).
    Removing oled.o(.revsh_text), (4 bytes).
    Removing oled.o(.rrx_text), (6 bytes).
    Removing oled.o(i.KeyStatics), (84 bytes).
    Removing oled.o(i.Oled_Order), (292 bytes).
    Removing oled.o(i.delay_oled_ms), (26 bytes).
    Removing oled.o(i.oled_LOGO), (96 bytes).
    Removing oled.o(i.oled_display_off), (30 bytes).
    Removing oled.o(i.oled_display_on), (30 bytes).
    Removing oled.o(i.oled_drawline), (202 bytes).
    Removing oled.o(i.oled_drawpoint), (72 bytes).
    Removing oled.o(i.oled_printf), (72 bytes).
    Removing oled.o(i.oled_refresh_gram), (52 bytes).
    Removing oled.o(i.oled_showchar), (120 bytes).
    Removing oled.o(i.oled_shownum), (112 bytes).
    Removing oled.o(i.oled_showstring), (46 bytes).
    Removing oled.o(.constdata), (2164 bytes).
    Removing oled.o(.constdata), (832 bytes).
    Removing oled.o(.data), (4 bytes).
    Removing oled.o(.data), (8 bytes).
    Removing oled.o(.data), (2 bytes).
    Removing oled.o(.data), (2 bytes).
    Removing oled.o(.data), (2 bytes).
    Removing protocal.o(.rev16_text), (4 bytes).
    Removing protocal.o(.revsh_text), (4 bytes).
    Removing protocal.o(.rrx_text), (6 bytes).
    Removing protocal.o(.data), (8 bytes).
    Removing module_chassis.o(.rev16_text), (4 bytes).
    Removing module_chassis.o(.revsh_text), (4 bytes).
    Removing module_chassis.o(.rrx_text), (6 bytes).
    Removing module_chassis.o(.bss), (88 bytes).
    Removing module_chassis.o(.bss), (88 bytes).
    Removing fadd.o(.text), (176 bytes).
    Removing fmul.o(.text), (100 bytes).
    Removing fdiv.o(.text), (124 bytes).
    Removing fflti.o(.text), (18 bytes).
    Removing ffltui.o(.text), (10 bytes).
    Removing ffixui.o(.text), (40 bytes).
    Removing fepilogue.o(.text), (110 bytes).

559 unused section(s) (total 38197 bytes) removed from the image.

==============================================================================

Image Symbol Table

    Local Symbols

    Symbol Name                              Value     Ov Type        Size  Object(Section)

    ..//Src/system_stm32f1xx.c               0x00000000   Number         0  system_stm32f1xx.o ABSOLUTE
    ../Drivers/STM32F1xx_HAL_Driver/Src/stm32f1xx_hal.c 0x00000000   Number         0  stm32f1xx_hal.o ABSOLUTE
    ../Drivers/STM32F1xx_HAL_Driver/Src/stm32f1xx_hal_cortex.c 0x00000000   Number         0  stm32f1xx_hal_cortex.o ABSOLUTE
    ../Drivers/STM32F1xx_HAL_Driver/Src/stm32f1xx_hal_dma.c 0x00000000   Number         0  stm32f1xx_hal_dma.o ABSOLUTE
    ../Drivers/STM32F1xx_HAL_Driver/Src/stm32f1xx_hal_flash.c 0x00000000   Number         0  stm32f1xx_hal_flash.o ABSOLUTE
    ../Drivers/STM32F1xx_HAL_Driver/Src/stm32f1xx_hal_flash_ex.c 0x00000000   Number         0  stm32f1xx_hal_flash_ex.o ABSOLUTE
    ../Drivers/STM32F1xx_HAL_Driver/Src/stm32f1xx_hal_gpio.c 0x00000000   Number         0  stm32f1xx_hal_gpio.o ABSOLUTE
    ../Drivers/STM32F1xx_HAL_Driver/Src/stm32f1xx_hal_gpio_ex.c 0x00000000   Number         0  stm32f1xx_hal_gpio_ex.o ABSOLUTE
    ../Drivers/STM32F1xx_HAL_Driver/Src/stm32f1xx_hal_pwr.c 0x00000000   Number         0  stm32f1xx_hal_pwr.o ABSOLUTE
    ../Drivers/STM32F1xx_HAL_Driver/Src/stm32f1xx_hal_rcc.c 0x00000000   Number         0  stm32f1xx_hal_rcc.o ABSOLUTE
    ../Drivers/STM32F1xx_HAL_Driver/Src/stm32f1xx_hal_rcc_ex.c 0x00000000   Number         0  stm32f1xx_hal_rcc_ex.o ABSOLUTE
    ../Drivers/STM32F1xx_HAL_Driver/Src/stm32f1xx_hal_tim.c 0x00000000   Number         0  stm32f1xx_hal_tim.o ABSOLUTE
    ../Drivers/STM32F1xx_HAL_Driver/Src/stm32f1xx_hal_tim_ex.c 0x00000000   Number         0  stm32f1xx_hal_tim_ex.o ABSOLUTE
    ../Src/main.c                            0x00000000   Number         0  main.o ABSOLUTE
    ../Src/stm32f1xx_hal_msp.c               0x00000000   Number         0  stm32f1xx_hal_msp.o ABSOLUTE
    ../Src/stm32f1xx_it.c                    0x00000000   Number         0  stm32f1xx_it.o ABSOLUTE
    ../clib/microlib/division.c              0x00000000   Number         0  uidiv.o ABSOLUTE
    ../clib/microlib/division.c              0x00000000   Number         0  uldiv.o ABSOLUTE
    ../clib/microlib/init/entry.s            0x00000000   Number         0  entry9a.o ABSOLUTE
    ../clib/microlib/init/entry.s            0x00000000   Number         0  entry2.o ABSOLUTE
    ../clib/microlib/init/entry.s            0x00000000   Number         0  entry5.o ABSOLUTE
    ../clib/microlib/init/entry.s            0x00000000   Number         0  entry7a.o ABSOLUTE
    ../clib/microlib/init/entry.s            0x00000000   Number         0  entry7b.o ABSOLUTE
    ../clib/microlib/init/entry.s            0x00000000   Number         0  entry11b.o ABSOLUTE
    ../clib/microlib/init/entry.s            0x00000000   Number         0  entry8a.o ABSOLUTE
    ../clib/microlib/init/entry.s            0x00000000   Number         0  entry11a.o ABSOLUTE
    ../clib/microlib/init/entry.s            0x00000000   Number         0  entry.o ABSOLUTE
    ../clib/microlib/init/entry.s            0x00000000   Number         0  entry10b.o ABSOLUTE
    ../clib/microlib/init/entry.s            0x00000000   Number         0  entry9b.o ABSOLUTE
    ../clib/microlib/init/entry.s            0x00000000   Number         0  entry8b.o ABSOLUTE
    ../clib/microlib/init/entry.s            0x00000000   Number         0  entry10a.o ABSOLUTE
    ../clib/microlib/longlong.c              0x00000000   Number         0  llsshr.o ABSOLUTE
    ../clib/microlib/longlong.c              0x00000000   Number         0  llshl.o ABSOLUTE
    ../clib/microlib/longlong.c              0x00000000   Number         0  llushr.o ABSOLUTE
    ../clib/microlib/printf/printf.c         0x00000000   Number         0  printfb.o ABSOLUTE
    ../clib/microlib/printf/printf.c         0x00000000   Number         0  printf1.o ABSOLUTE
    ../clib/microlib/printf/printf.c         0x00000000   Number         0  printfa.o ABSOLUTE
    ../clib/microlib/printf/printf.c         0x00000000   Number         0  printf8.o ABSOLUTE
    ../clib/microlib/printf/printf.c         0x00000000   Number         0  printf7.o ABSOLUTE
    ../clib/microlib/printf/printf.c         0x00000000   Number         0  printf6.o ABSOLUTE
    ../clib/microlib/printf/printf.c         0x00000000   Number         0  printf5.o ABSOLUTE
    ../clib/microlib/printf/printf.c         0x00000000   Number         0  printf4.o ABSOLUTE
    ../clib/microlib/printf/printf.c         0x00000000   Number         0  printf3.o ABSOLUTE
    ../clib/microlib/printf/printf.c         0x00000000   Number         0  printf2.o ABSOLUTE
    ../clib/microlib/printf/printf.c         0x00000000   Number         0  printf0.o ABSOLUTE
    ../clib/microlib/stdio/streams.c         0x00000000   Number         0  stdout.o ABSOLUTE
    ../clib/microlib/string/memset.c         0x00000000   Number         0  memseta.o ABSOLUTE
    ../clib/microlib/stubs.s                 0x00000000   Number         0  iusefp.o ABSOLUTE
    ../fplib/microlib/fpadd.c                0x00000000   Number         0  dadd.o ABSOLUTE
    ../fplib/microlib/fpadd.c                0x00000000   Number         0  fadd.o ABSOLUTE
    ../fplib/microlib/fpdiv.c                0x00000000   Number         0  ddiv.o ABSOLUTE
    ../fplib/microlib/fpdiv.c                0x00000000   Number         0  fdiv.o ABSOLUTE
    ../fplib/microlib/fpepilogue.c           0x00000000   Number         0  depilogue.o ABSOLUTE
    ../fplib/microlib/fpepilogue.c           0x00000000   Number         0  fepilogue.o ABSOLUTE
    ../fplib/microlib/fpfix.c                0x00000000   Number         0  dfixi.o ABSOLUTE
    ../fplib/microlib/fpfix.c                0x00000000   Number         0  ffixui.o ABSOLUTE
    ../fplib/microlib/fpfix.c                0x00000000   Number         0  dfixul.o ABSOLUTE
    ../fplib/microlib/fpflt.c                0x00000000   Number         0  dfltui.o ABSOLUTE
    ../fplib/microlib/fpflt.c                0x00000000   Number         0  dflti.o ABSOLUTE
    ../fplib/microlib/fpflt.c                0x00000000   Number         0  ffltui.o ABSOLUTE
    ../fplib/microlib/fpflt.c                0x00000000   Number         0  fflti.o ABSOLUTE
    ../fplib/microlib/fpmul.c                0x00000000   Number         0  fmul.o ABSOLUTE
    ../fplib/microlib/fpmul.c                0x00000000   Number         0  dmul.o ABSOLUTE
    ../fplib/microlib/fpscalb.c              0x00000000   Number         0  dscalb.o ABSOLUTE
    ..\Code\Bsp\adc.c                        0x00000000   Number         0  adc.o ABSOLUTE
    ..\Code\Bsp\bsp_can.c                    0x00000000   Number         0  bsp_can.o ABSOLUTE
    ..\Code\Bsp\bsp_gpio.c                   0x00000000   Number         0  bsp_gpio.o ABSOLUTE
    ..\Code\Bsp\delay.c                      0x00000000   Number         0  delay.o ABSOLUTE
    ..\Code\Bsp\iic.c                        0x00000000   Number         0  iic.o ABSOLUTE
    ..\Code\Bsp\tim.c                        0x00000000   Number         0  tim.o ABSOLUTE
    ..\Code\Bsp\usart.c                      0x00000000   Number         0  usart.o ABSOLUTE
    ..\Code\Ctrlsys\filter.c                 0x00000000   Number         0  filter.o ABSOLUTE
    ..\Code\Ctrlsys\pcma13.c                 0x00000000   Number         0  pcma13.o ABSOLUTE
    ..\Code\Ctrlsys\pid.c                    0x00000000   Number         0  pid.o ABSOLUTE
    ..\Code\Device\device_led.c              0x00000000   Number         0  device_led.o ABSOLUTE
    ..\Code\Device\device_m2006.c            0x00000000   Number         0  device_m2006.o ABSOLUTE
    ..\Code\Device\oled.c                    0x00000000   Number         0  oled.o ABSOLUTE
    ..\Code\Device\protocal.c                0x00000000   Number         0  protocal.o ABSOLUTE
    ..\Code\Module\module_chassis.c          0x00000000   Number         0  module_chassis.o ABSOLUTE
    ..\Drivers\STM32F1xx_HAL_Driver\Src\stm32f1xx_hal.c 0x00000000   Number         0  stm32f1xx_hal.o ABSOLUTE
    ..\Drivers\STM32F1xx_HAL_Driver\Src\stm32f1xx_hal_adc.c 0x00000000   Number         0  stm32f1xx_hal_adc.o ABSOLUTE
    ..\Drivers\STM32F1xx_HAL_Driver\Src\stm32f1xx_hal_adc_ex.c 0x00000000   Number         0  stm32f1xx_hal_adc_ex.o ABSOLUTE
    ..\Drivers\STM32F1xx_HAL_Driver\Src\stm32f1xx_hal_can.c 0x00000000   Number         0  stm32f1xx_hal_can.o ABSOLUTE
    ..\Drivers\STM32F1xx_HAL_Driver\Src\stm32f1xx_hal_cortex.c 0x00000000   Number         0  stm32f1xx_hal_cortex.o ABSOLUTE
    ..\Drivers\STM32F1xx_HAL_Driver\Src\stm32f1xx_hal_dma.c 0x00000000   Number         0  stm32f1xx_hal_dma.o ABSOLUTE
    ..\Drivers\STM32F1xx_HAL_Driver\Src\stm32f1xx_hal_flash.c 0x00000000   Number         0  stm32f1xx_hal_flash.o ABSOLUTE
    ..\Drivers\STM32F1xx_HAL_Driver\Src\stm32f1xx_hal_flash_ex.c 0x00000000   Number         0  stm32f1xx_hal_flash_ex.o ABSOLUTE
    ..\Drivers\STM32F1xx_HAL_Driver\Src\stm32f1xx_hal_gpio.c 0x00000000   Number         0  stm32f1xx_hal_gpio.o ABSOLUTE
    ..\Drivers\STM32F1xx_HAL_Driver\Src\stm32f1xx_hal_gpio_ex.c 0x00000000   Number         0  stm32f1xx_hal_gpio_ex.o ABSOLUTE
    ..\Drivers\STM32F1xx_HAL_Driver\Src\stm32f1xx_hal_pwr.c 0x00000000   Number         0  stm32f1xx_hal_pwr.o ABSOLUTE
    ..\Drivers\STM32F1xx_HAL_Driver\Src\stm32f1xx_hal_rcc.c 0x00000000   Number         0  stm32f1xx_hal_rcc.o ABSOLUTE
    ..\Drivers\STM32F1xx_HAL_Driver\Src\stm32f1xx_hal_rcc_ex.c 0x00000000   Number         0  stm32f1xx_hal_rcc_ex.o ABSOLUTE
    ..\Drivers\STM32F1xx_HAL_Driver\Src\stm32f1xx_hal_spi.c 0x00000000   Number         0  stm32f1xx_hal_spi.o ABSOLUTE
    ..\Drivers\STM32F1xx_HAL_Driver\Src\stm32f1xx_hal_spi_ex.c 0x00000000   Number         0  stm32f1xx_hal_spi_ex.o ABSOLUTE
    ..\Drivers\STM32F1xx_HAL_Driver\Src\stm32f1xx_hal_tim.c 0x00000000   Number         0  stm32f1xx_hal_tim.o ABSOLUTE
    ..\Drivers\STM32F1xx_HAL_Driver\Src\stm32f1xx_hal_tim_ex.c 0x00000000   Number         0  stm32f1xx_hal_tim_ex.o ABSOLUTE
    ..\Drivers\STM32F1xx_HAL_Driver\Src\stm32f1xx_hal_uart.c 0x00000000   Number         0  stm32f1xx_hal_uart.o ABSOLUTE
    ..\Src\main.c                            0x00000000   Number         0  main.o ABSOLUTE
    ..\Src\spi.c                             0x00000000   Number         0  spi.o ABSOLUTE
    ..\Src\stm32f1xx_hal_msp.c               0x00000000   Number         0  stm32f1xx_hal_msp.o ABSOLUTE
    ..\Src\stm32f1xx_it.c                    0x00000000   Number         0  stm32f1xx_it.o ABSOLUTE
    ..\\Code\\Bsp\\adc.c                     0x00000000   Number         0  adc.o ABSOLUTE
    ..\\Code\\Bsp\\bsp_can.c                 0x00000000   Number         0  bsp_can.o ABSOLUTE
    ..\\Code\\Bsp\\bsp_gpio.c                0x00000000   Number         0  bsp_gpio.o ABSOLUTE
    ..\\Code\\Bsp\\delay.c                   0x00000000   Number         0  delay.o ABSOLUTE
    ..\\Code\\Bsp\\iic.c                     0x00000000   Number         0  iic.o ABSOLUTE
    ..\\Code\\Bsp\\tim.c                     0x00000000   Number         0  tim.o ABSOLUTE
    ..\\Code\\Bsp\\usart.c                   0x00000000   Number         0  usart.o ABSOLUTE
    ..\\Code\\Ctrlsys\\pid.c                 0x00000000   Number         0  pid.o ABSOLUTE
    ..\\Code\\Device\\device_led.c           0x00000000   Number         0  device_led.o ABSOLUTE
    ..\\Code\\Device\\device_m2006.c         0x00000000   Number         0  device_m2006.o ABSOLUTE
    ..\\Code\\Device\\oled.c                 0x00000000   Number         0  oled.o ABSOLUTE
    ..\\Code\\Device\\protocal.c             0x00000000   Number         0  protocal.o ABSOLUTE
    ..\\Code\\Module\\module_chassis.c       0x00000000   Number         0  module_chassis.o ABSOLUTE
    ..\\Drivers\\STM32F1xx_HAL_Driver\\Src\\stm32f1xx_hal_adc.c 0x00000000   Number         0  stm32f1xx_hal_adc.o ABSOLUTE
    ..\\Drivers\\STM32F1xx_HAL_Driver\\Src\\stm32f1xx_hal_adc_ex.c 0x00000000   Number         0  stm32f1xx_hal_adc_ex.o ABSOLUTE
    ..\\Drivers\\STM32F1xx_HAL_Driver\\Src\\stm32f1xx_hal_can.c 0x00000000   Number         0  stm32f1xx_hal_can.o ABSOLUTE
    ..\\Drivers\\STM32F1xx_HAL_Driver\\Src\\stm32f1xx_hal_spi.c 0x00000000   Number         0  stm32f1xx_hal_spi.o ABSOLUTE
    ..\\Drivers\\STM32F1xx_HAL_Driver\\Src\\stm32f1xx_hal_spi_ex.c 0x00000000   Number         0  stm32f1xx_hal_spi_ex.o ABSOLUTE
    ..\\Drivers\\STM32F1xx_HAL_Driver\\Src\\stm32f1xx_hal_uart.c 0x00000000   Number         0  stm32f1xx_hal_uart.o ABSOLUTE
    ..\\Src\\spi.c                           0x00000000   Number         0  spi.o ABSOLUTE
    ..\\Src\system_stm32f1xx.c               0x00000000   Number         0  system_stm32f1xx.o ABSOLUTE
    cdrcmple.s                               0x00000000   Number         0  cdrcmple.o ABSOLUTE
    dc.s                                     0x00000000   Number         0  dc.o ABSOLUTE
    handlers.s                               0x00000000   Number         0  handlers.o ABSOLUTE
    init.s                                   0x00000000   Number         0  init.o ABSOLUTE
    startup_stm32f105xc.s                    0x00000000   Number         0  startup_stm32f105xc.o ABSOLUTE
    RESET                                    0x08000000   Section      336  startup_stm32f105xc.o(RESET)
    .ARM.Collect$$$$00000000                 0x08000150   Section        0  entry.o(.ARM.Collect$$$$00000000)
    .ARM.Collect$$$$00000001                 0x08000150   Section        4  entry2.o(.ARM.Collect$$$$00000001)
    .ARM.Collect$$$$00000004                 0x08000154   Section        4  entry5.o(.ARM.Collect$$$$00000004)
    .ARM.Collect$$$$00000008                 0x08000158   Section        0  entry7b.o(.ARM.Collect$$$$00000008)
    .ARM.Collect$$$$0000000A                 0x08000158   Section        0  entry8b.o(.ARM.Collect$$$$0000000A)
    .ARM.Collect$$$$0000000B                 0x08000158   Section        8  entry9a.o(.ARM.Collect$$$$0000000B)
    .ARM.Collect$$$$0000000D                 0x08000160   Section        0  entry10a.o(.ARM.Collect$$$$0000000D)
    .ARM.Collect$$$$0000000F                 0x08000160   Section        0  entry11a.o(.ARM.Collect$$$$0000000F)
    .ARM.Collect$$$$00002712                 0x08000160   Section        4  entry2.o(.ARM.Collect$$$$00002712)
    __lit__00000000                          0x08000160   Data           4  entry2.o(.ARM.Collect$$$$00002712)
    .text                                    0x08000164   Section       36  startup_stm32f105xc.o(.text)
    .text                                    0x08000188   Section        0  llushr.o(.text)
    .text                                    0x080001a8   Section        0  dadd.o(.text)
    .text                                    0x080002f6   Section        0  dmul.o(.text)
    .text                                    0x080003da   Section        0  ddiv.o(.text)
    .text                                    0x080004b8   Section        0  dscalb.o(.text)
    .text                                    0x080004e6   Section        0  dflti.o(.text)
    .text                                    0x08000508   Section        0  dfltui.o(.text)
    .text                                    0x08000522   Section        0  dfixi.o(.text)
    .text                                    0x08000560   Section       48  cdrcmple.o(.text)
    .text                                    0x08000590   Section        0  uidiv.o(.text)
    .text                                    0x080005bc   Section        0  uldiv.o(.text)
    .text                                    0x0800061e   Section        0  llshl.o(.text)
    .text                                    0x0800063c   Section        0  llsshr.o(.text)
    .text                                    0x08000660   Section        0  iusefp.o(.text)
    .text                                    0x08000660   Section        0  depilogue.o(.text)
    .text                                    0x0800071a   Section        0  dfixul.o(.text)
    .text                                    0x0800074c   Section       36  init.o(.text)
    i.ADC_ConversionStop_Disable             0x08000770   Section        0  stm32f1xx_hal_adc.o(i.ADC_ConversionStop_Disable)
    i.BusFault_Handler                       0x080007ba   Section        0  stm32f1xx_it.o(i.BusFault_Handler)
    i.CAN1_Init                              0x080007bc   Section        0  bsp_can.o(i.CAN1_Init)
    i.CAN1_RX0_IRQHandler                    0x08000848   Section        0  stm32f1xx_it.o(i.CAN1_RX0_IRQHandler)
    i.CAN1_RX1_IRQHandler                    0x08000854   Section        0  stm32f1xx_it.o(i.CAN1_RX1_IRQHandler)
    i.CAN2_Init                              0x08000860   Section        0  bsp_can.o(i.CAN2_Init)
    i.CAN2_RX0_IRQHandler                    0x080008ec   Section        0  stm32f1xx_it.o(i.CAN2_RX0_IRQHandler)
    i.CAN2_RX1_IRQHandler                    0x080008f8   Section        0  stm32f1xx_it.o(i.CAN2_RX1_IRQHandler)
    i.CAN_Receive_IT                         0x08000904   Section        0  stm32f1xx_hal_can.o(i.CAN_Receive_IT)
    CAN_Receive_IT                           0x08000905   Thumb Code   292  stm32f1xx_hal_can.o(i.CAN_Receive_IT)
    i.Can1RecDatas                           0x08000a28   Section        0  bsp_can.o(i.Can1RecDatas)
    i.Can2SendMsg                            0x08000a6c   Section        0  bsp_can.o(i.Can2SendMsg)
    i.Chassis                                0x08000ab0   Section        0  module_chassis.o(i.Chassis)
    i.ChassisDatasHandle                     0x08000c0c   Section        0  module_chassis.o(i.ChassisDatasHandle)
    i.DebugMon_Handler                       0x08000c3c   Section        0  stm32f1xx_it.o(i.DebugMon_Handler)
    i.GPIOPB0_Init                           0x08000c40   Section        0  bsp_gpio.o(i.GPIOPB0_Init)
    i.GPIOPB1_Init                           0x08000c84   Section        0  bsp_gpio.o(i.GPIOPB1_Init)
    i.HAL_ADC_ConfigChannel                  0x08000cc8   Section        0  stm32f1xx_hal_adc.o(i.HAL_ADC_ConfigChannel)
    i.HAL_ADC_Init                           0x08000dc4   Section        0  stm32f1xx_hal_adc.o(i.HAL_ADC_Init)
    i.HAL_ADC_MspInit                        0x08000ee0   Section        0  adc.o(i.HAL_ADC_MspInit)
    i.HAL_CAN_ConfigFilter                   0x08000f38   Section        0  stm32f1xx_hal_can.o(i.HAL_CAN_ConfigFilter)
    i.HAL_CAN_ErrorCallback                  0x08001028   Section        0  module_chassis.o(i.HAL_CAN_ErrorCallback)
    i.HAL_CAN_IRQHandler                     0x08001064   Section        0  stm32f1xx_hal_can.o(i.HAL_CAN_IRQHandler)
    i.HAL_CAN_Init                           0x08001298   Section        0  stm32f1xx_hal_can.o(i.HAL_CAN_Init)
    i.HAL_CAN_MspInit                        0x080013cc   Section        0  stm32f1xx_hal_msp.o(i.HAL_CAN_MspInit)
    i.HAL_CAN_Receive_IT                     0x080014e8   Section        0  stm32f1xx_hal_can.o(i.HAL_CAN_Receive_IT)
    i.HAL_CAN_RxCpltCallback                 0x080015a0   Section        0  module_chassis.o(i.HAL_CAN_RxCpltCallback)
    i.HAL_CAN_Transmit                       0x0800163c   Section        0  stm32f1xx_hal_can.o(i.HAL_CAN_Transmit)
    i.HAL_CAN_TxCpltCallback                 0x080017f4   Section        0  stm32f1xx_hal_can.o(i.HAL_CAN_TxCpltCallback)
    i.HAL_DMA_Abort_IT                       0x080017f8   Section        0  stm32f1xx_hal_dma.o(i.HAL_DMA_Abort_IT)
    i.HAL_Delay                              0x08001928   Section        0  stm32f1xx_hal.o(i.HAL_Delay)
    i.HAL_GPIO_Init                          0x08001944   Section        0  stm32f1xx_hal_gpio.o(i.HAL_GPIO_Init)
    i.HAL_GPIO_WritePin                      0x08001b0c   Section        0  stm32f1xx_hal_gpio.o(i.HAL_GPIO_WritePin)
    i.HAL_GetTick                            0x08001b18   Section        0  stm32f1xx_hal.o(i.HAL_GetTick)
    i.HAL_IncTick                            0x08001b24   Section        0  stm32f1xx_hal.o(i.HAL_IncTick)
    i.HAL_Init                               0x08001b34   Section        0  stm32f1xx_hal.o(i.HAL_Init)
    i.HAL_InitTick                           0x08001b58   Section        0  stm32f1xx_hal.o(i.HAL_InitTick)
    i.HAL_MspInit                            0x08001b80   Section        0  stm32f1xx_hal_msp.o(i.HAL_MspInit)
    i.HAL_NVIC_EnableIRQ                     0x08001c14   Section        0  stm32f1xx_hal_cortex.o(i.HAL_NVIC_EnableIRQ)
    i.HAL_NVIC_SetPriority                   0x08001c2c   Section        0  stm32f1xx_hal_cortex.o(i.HAL_NVIC_SetPriority)
    i.HAL_NVIC_SetPriorityGrouping           0x08001c6c   Section        0  stm32f1xx_hal_cortex.o(i.HAL_NVIC_SetPriorityGrouping)
    i.HAL_RCC_ClockConfig                    0x08001c90   Section        0  stm32f1xx_hal_rcc.o(i.HAL_RCC_ClockConfig)
    i.HAL_RCC_GetHCLKFreq                    0x08001ddc   Section        0  stm32f1xx_hal_rcc.o(i.HAL_RCC_GetHCLKFreq)
    i.HAL_RCC_GetPCLK1Freq                   0x08001de8   Section        0  stm32f1xx_hal_rcc.o(i.HAL_RCC_GetPCLK1Freq)
    i.HAL_RCC_GetPCLK2Freq                   0x08001e08   Section        0  stm32f1xx_hal_rcc.o(i.HAL_RCC_GetPCLK2Freq)
    i.HAL_RCC_GetSysClockFreq                0x08001e28   Section        0  stm32f1xx_hal_rcc.o(i.HAL_RCC_GetSysClockFreq)
    i.HAL_RCC_OscConfig                      0x08001ed4   Section        0  stm32f1xx_hal_rcc.o(i.HAL_RCC_OscConfig)
    i.HAL_SPI_Init                           0x0800228c   Section        0  stm32f1xx_hal_spi_ex.o(i.HAL_SPI_Init)
    i.HAL_SPI_MspInit                        0x08002310   Section        0  spi.o(i.HAL_SPI_MspInit)
    i.HAL_SPI_Transmit                       0x0800237c   Section        0  stm32f1xx_hal_spi.o(i.HAL_SPI_Transmit)
    i.HAL_SYSTICK_CLKSourceConfig            0x080024e0   Section        0  stm32f1xx_hal_cortex.o(i.HAL_SYSTICK_CLKSourceConfig)
    i.HAL_SYSTICK_Callback                   0x080024f8   Section        0  stm32f1xx_hal_cortex.o(i.HAL_SYSTICK_Callback)
    i.HAL_SYSTICK_Config                     0x080024fa   Section        0  stm32f1xx_hal_cortex.o(i.HAL_SYSTICK_Config)
    i.HAL_SYSTICK_IRQHandler                 0x08002522   Section        0  stm32f1xx_hal_cortex.o(i.HAL_SYSTICK_IRQHandler)
    i.HAL_TIM_PWM_ConfigChannel              0x0800252a   Section        0  stm32f1xx_hal_tim.o(i.HAL_TIM_PWM_ConfigChannel)
    i.HAL_TIM_PWM_Init                       0x080025fa   Section        0  stm32f1xx_hal_tim.o(i.HAL_TIM_PWM_Init)
    i.HAL_TIM_PWM_MspInit                    0x08002630   Section        0  tim.o(i.HAL_TIM_PWM_MspInit)
    i.HAL_TIM_PWM_Start                      0x08002688   Section        0  stm32f1xx_hal_tim.o(i.HAL_TIM_PWM_Start)
    i.HAL_UART_ErrorCallback                 0x080026b8   Section        0  usart.o(i.HAL_UART_ErrorCallback)
    i.HAL_UART_IRQHandler                    0x08002740   Section        0  stm32f1xx_hal_uart.o(i.HAL_UART_IRQHandler)
    i.HAL_UART_Init                          0x08002850   Section        0  stm32f1xx_hal_uart.o(i.HAL_UART_Init)
    i.HAL_UART_MspInit                       0x080028b4   Section        0  usart.o(i.HAL_UART_MspInit)
    i.HAL_UART_Receive_IT                    0x08002990   Section        0  stm32f1xx_hal_uart.o(i.HAL_UART_Receive_IT)
    i.HAL_UART_RxCpltCallback                0x080029e4   Section        0  usart.o(i.HAL_UART_RxCpltCallback)
    i.HAL_UART_Transmit                      0x08002a6c   Section        0  stm32f1xx_hal_uart.o(i.HAL_UART_Transmit)
    i.HAL_UART_TxCpltCallback                0x08002b26   Section        0  stm32f1xx_hal_uart.o(i.HAL_UART_TxCpltCallback)
    i.HardFault_Handler                      0x08002b28   Section        0  stm32f1xx_it.o(i.HardFault_Handler)
    i.LED_Init                               0x08002b2c   Section        0  device_led.o(i.LED_Init)
    i.MX_ADC1_Init                           0x08002b58   Section        0  adc.o(i.MX_ADC1_Init)
    i.MX_GPIO_Init                           0x08002bc0   Section        0  main.o(i.MX_GPIO_Init)
    MX_GPIO_Init                             0x08002bc1   Thumb Code   102  main.o(i.MX_GPIO_Init)
    i.MX_SPI1_Init                           0x08002c30   Section        0  spi.o(i.MX_SPI1_Init)
    i.MX_USART2_UART_Init                    0x08002c8c   Section        0  usart.o(i.MX_USART2_UART_Init)
    i.MX_USART3_UART_Init                    0x08002cf4   Section        0  usart.o(i.MX_USART3_UART_Init)
    i.MemManage_Handler                      0x08002d5c   Section        0  stm32f1xx_it.o(i.MemManage_Handler)
    i.NMI_Handler                            0x08002d5e   Section        0  stm32f1xx_it.o(i.NMI_Handler)
    i.NVIC_SetPriority                       0x08002d60   Section        0  stm32f1xx_hal_cortex.o(i.NVIC_SetPriority)
    NVIC_SetPriority                         0x08002d61   Thumb Code    32  stm32f1xx_hal_cortex.o(i.NVIC_SetPriority)
    i.PendSV_Handler                         0x08002d80   Section        0  stm32f1xx_it.o(i.PendSV_Handler)
    i.Pid_Init                               0x08002d84   Section        0  module_chassis.o(i.Pid_Init)
    i.RECEIVE_PACK                           0x08002e5c   Section        0  protocal.o(i.RECEIVE_PACK)
    i.SPI_CheckFlag_BSY                      0x08002f94   Section        0  stm32f1xx_hal_spi.o(i.SPI_CheckFlag_BSY)
    SPI_CheckFlag_BSY                        0x08002f95   Thumb Code    32  stm32f1xx_hal_spi.o(i.SPI_CheckFlag_BSY)
    i.SPI_WaitFlagStateUntilTimeout          0x08002fb4   Section        0  stm32f1xx_hal_spi.o(i.SPI_WaitFlagStateUntilTimeout)
    SPI_WaitFlagStateUntilTimeout            0x08002fb5   Thumb Code   150  stm32f1xx_hal_spi.o(i.SPI_WaitFlagStateUntilTimeout)
    i.SVC_Handler                            0x0800304a   Section        0  stm32f1xx_it.o(i.SVC_Handler)
    i.SysTick_Handler                        0x0800304c   Section        0  stm32f1xx_it.o(i.SysTick_Handler)
    i.SystemClock_Config                     0x0800305c   Section        0  main.o(i.SystemClock_Config)
    i.SystemInit                             0x080030d0   Section        0  system_stm32f1xx.o(i.SystemInit)
    i.TIM1_PWM_Init                          0x08003124   Section        0  tim.o(i.TIM1_PWM_Init)
    i.TIM3_IRQHandler                        0x0800316c   Section        0  stm32f1xx_it.o(i.TIM3_IRQHandler)
    i.TIM_Base_SetConfig                     0x08003170   Section        0  stm32f1xx_hal_tim.o(i.TIM_Base_SetConfig)
    i.TIM_CCxChannelCmd                      0x080031e8   Section        0  stm32f1xx_hal_tim.o(i.TIM_CCxChannelCmd)
    i.TIM_OC1_SetConfig                      0x08003200   Section        0  stm32f1xx_hal_tim.o(i.TIM_OC1_SetConfig)
    TIM_OC1_SetConfig                        0x08003201   Thumb Code    82  stm32f1xx_hal_tim.o(i.TIM_OC1_SetConfig)
    i.TIM_OC2_SetConfig                      0x08003258   Section        0  stm32f1xx_hal_tim.o(i.TIM_OC2_SetConfig)
    i.TIM_OC3_SetConfig                      0x080032b4   Section        0  stm32f1xx_hal_tim.o(i.TIM_OC3_SetConfig)
    TIM_OC3_SetConfig                        0x080032b5   Thumb Code    84  stm32f1xx_hal_tim.o(i.TIM_OC3_SetConfig)
    i.TIM_OC4_SetConfig                      0x0800330c   Section        0  stm32f1xx_hal_tim.o(i.TIM_OC4_SetConfig)
    TIM_OC4_SetConfig                        0x0800330d   Thumb Code    64  stm32f1xx_hal_tim.o(i.TIM_OC4_SetConfig)
    i.TIM_SetTIM1Compare2                    0x08003350   Section        0  tim.o(i.TIM_SetTIM1Compare2)
    i.UART_DMAAbortOnError                   0x0800335c   Section        0  stm32f1xx_hal_uart.o(i.UART_DMAAbortOnError)
    UART_DMAAbortOnError                     0x0800335d   Thumb Code    16  stm32f1xx_hal_uart.o(i.UART_DMAAbortOnError)
    i.UART_EndRxTransfer                     0x0800336c   Section        0  stm32f1xx_hal_uart.o(i.UART_EndRxTransfer)
    UART_EndRxTransfer                       0x0800336d   Thumb Code    28  stm32f1xx_hal_uart.o(i.UART_EndRxTransfer)
    i.UART_Receive_IT                        0x08003388   Section        0  stm32f1xx_hal_uart.o(i.UART_Receive_IT)
    UART_Receive_IT                          0x08003389   Thumb Code   150  stm32f1xx_hal_uart.o(i.UART_Receive_IT)
    i.UART_SetConfig                         0x08003420   Section        0  stm32f1xx_hal_uart.o(i.UART_SetConfig)
    UART_SetConfig                           0x08003421   Thumb Code   364  stm32f1xx_hal_uart.o(i.UART_SetConfig)
    i.UART_Transmit_IT                       0x08003590   Section        0  stm32f1xx_hal_uart.o(i.UART_Transmit_IT)
    UART_Transmit_IT                         0x08003591   Thumb Code    98  stm32f1xx_hal_uart.o(i.UART_Transmit_IT)
    i.UART_WaitOnFlagUntilTimeout            0x080035f2   Section        0  stm32f1xx_hal_uart.o(i.UART_WaitOnFlagUntilTimeout)
    UART_WaitOnFlagUntilTimeout              0x080035f3   Thumb Code    98  stm32f1xx_hal_uart.o(i.UART_WaitOnFlagUntilTimeout)
    i.USART2_IRQHandler                      0x08003654   Section        0  stm32f1xx_it.o(i.USART2_IRQHandler)
    i.UsageFault_Handler                     0x08003660   Section        0  stm32f1xx_it.o(i.UsageFault_Handler)
    i._Error_Handler                         0x08003662   Section        0  main.o(i._Error_Handler)
    i.__0printf                              0x08003664   Section        0  printfa.o(i.__0printf)
    i.__scatterload_copy                     0x08003684   Section       14  handlers.o(i.__scatterload_copy)
    i.__scatterload_null                     0x08003692   Section        2  handlers.o(i.__scatterload_null)
    i.__scatterload_zeroinit                 0x08003694   Section       14  handlers.o(i.__scatterload_zeroinit)
    i._fp_digits                             0x080036a4   Section        0  printfa.o(i._fp_digits)
    _fp_digits                               0x080036a5   Thumb Code   334  printfa.o(i._fp_digits)
    i._printf_core                           0x08003808   Section        0  printfa.o(i._printf_core)
    _printf_core                             0x08003809   Thumb Code  1744  printfa.o(i._printf_core)
    i._printf_post_padding                   0x08003ee4   Section        0  printfa.o(i._printf_post_padding)
    _printf_post_padding                     0x08003ee5   Thumb Code    36  printfa.o(i._printf_post_padding)
    i._printf_pre_padding                    0x08003f08   Section        0  printfa.o(i._printf_pre_padding)
    _printf_pre_padding                      0x08003f09   Thumb Code    46  printfa.o(i._printf_pre_padding)
    i.filter1Process                         0x08003f38   Section        0  filter.o(i.filter1Process)
    i.fputc                                  0x08003f80   Section        0  usart.o(i.fputc)
    i.m2006FeedBack                          0x08003f98   Section        0  device_m2006.o(i.m2006FeedBack)
    i.m2006ResetRoundcnt                     0x080040ac   Section        0  device_m2006.o(i.m2006ResetRoundcnt)
    i.m2006SetCurrent                        0x080040d4   Section        0  device_m2006.o(i.m2006SetCurrent)
    i.main                                   0x08004150   Section        0  main.o(i.main)
    i.oled_clear                             0x080041d4   Section        0  oled.o(i.oled_clear)
    i.oled_init                              0x08004214   Section        0  oled.o(i.oled_init)
    i.oled_set_pos                           0x08004334   Section        0  oled.o(i.oled_set_pos)
    oled_set_pos                             0x08004335   Thumb Code    42  oled.o(i.oled_set_pos)
    i.oled_write_byte                        0x08004360   Section        0  oled.o(i.oled_write_byte)
    i.pidProcess                             0x08004388   Section        0  pid.o(i.pidProcess)
    .constdata                               0x080044b4   Section       16  system_stm32f1xx.o(.constdata)
    .constdata                               0x080044c4   Section        8  system_stm32f1xx.o(.constdata)
    .data                                    0x20000000   Section        4  stm32f1xx_hal.o(.data)
    .data                                    0x20000004   Section        4  system_stm32f1xx.o(.data)
    .data                                    0x20000008   Section        4  stm32f1xx_hal_msp.o(.data)
    HAL_RCC_CAN1_CLK_ENABLED                 0x20000008   Data           4  stm32f1xx_hal_msp.o(.data)
    .data                                    0x2000000c   Section        2  usart.o(.data)
    .data                                    0x2000000e   Section        4  device_led.o(.data)
    .data                                    0x20000014   Section       80  device_m2006.o(.data)
    m2006_p1data                             0x2000001c   Data           8  device_m2006.o(.data)
    m2006_p2data                             0x20000024   Data           8  device_m2006.o(.data)
    M2006_PACK1_HDR                          0x2000002c   Data          28  device_m2006.o(.data)
    M2006_PACK2_HDR                          0x20000048   Data          28  device_m2006.o(.data)
    .data                                    0x20000064   Section       18  protocal.o(.data)
    sum_check                                0x20000064   Data           1  protocal.o(.data)
    data_num                                 0x20000065   Data           1  protocal.o(.data)
    .data                                    0x20000076   Section        8  module_chassis.o(.data)
    .data                                    0x20000080   Section        4  stdout.o(.data)
    .bss                                     0x20000084   Section      344  bsp_can.o(.bss)
    Can2TxMessage                            0x2000015c   Data          28  bsp_can.o(.bss)
    Can1TxMessage                            0x20000178   Data          28  bsp_can.o(.bss)
    Can2RxMessage                            0x20000194   Data          36  bsp_can.o(.bss)
    Can1RxMessage                            0x200001b8   Data          36  bsp_can.o(.bss)
    .bss                                     0x200001dc   Section       88  spi.o(.bss)
    .bss                                     0x20000234   Section       92  tim.o(.bss)
    .bss                                     0x20000290   Section       48  adc.o(.bss)
    .bss                                     0x200002c0   Section      128  usart.o(.bss)
    .bss                                     0x20000340   Section     1036  oled.o(.bss)
    OLED_GRAM                                0x20000340   Data        1024  oled.o(.bss)
    .bss                                     0x2000074c   Section       44  protocal.o(.bss)
    .bss                                     0x20000778   Section      522  module_chassis.o(.bss)
    STACK                                    0x20000988   Section     1024  startup_stm32f105xc.o(STACK)

    Global Symbols

    Symbol Name                              Value     Ov Type        Size  Object(Section)

    BuildAttributes$$THM_ISAv4$P$D$K$B$S$PE$A:L22UL41UL21$X:L11$S22US41US21$IEEE1$IW$USESV6$~STKCKD$USESV7$~SHL$OTIME$ROPI$EBA8$MICROLIB$REQ8$PRES8$EABIv2 0x00000000   Number         0  anon$$obj.o ABSOLUTE
    __ARM_use_no_argv                        0x00000000   Number         0  main.o ABSOLUTE
    __cpp_initialize__aeabi_                  - Undefined Weak Reference
    __cxa_finalize                            - Undefined Weak Reference
    __decompress                              - Undefined Weak Reference
    _clock_init                               - Undefined Weak Reference
    _microlib_exit                            - Undefined Weak Reference
    __Vectors_Size                           0x00000150   Number         0  startup_stm32f105xc.o ABSOLUTE
    __Vectors                                0x08000000   Data           4  startup_stm32f105xc.o(RESET)
    __Vectors_End                            0x08000150   Data           0  startup_stm32f105xc.o(RESET)
    __main                                   0x08000151   Thumb Code     0  entry.o(.ARM.Collect$$$$00000000)
    _main_stk                                0x08000151   Thumb Code     0  entry2.o(.ARM.Collect$$$$00000001)
    _main_scatterload                        0x08000155   Thumb Code     0  entry5.o(.ARM.Collect$$$$00000004)
    __main_after_scatterload                 0x08000159   Thumb Code     0  entry5.o(.ARM.Collect$$$$00000004)
    _main_clock                              0x08000159   Thumb Code     0  entry7b.o(.ARM.Collect$$$$00000008)
    _main_cpp_init                           0x08000159   Thumb Code     0  entry8b.o(.ARM.Collect$$$$0000000A)
    _main_init                               0x08000159   Thumb Code     0  entry9a.o(.ARM.Collect$$$$0000000B)
    __rt_final_cpp                           0x08000161   Thumb Code     0  entry10a.o(.ARM.Collect$$$$0000000D)
    __rt_final_exit                          0x08000161   Thumb Code     0  entry11a.o(.ARM.Collect$$$$0000000F)
    Reset_Handler                            0x08000165   Thumb Code     8  startup_stm32f105xc.o(.text)
    ADC1_2_IRQHandler                        0x0800017f   Thumb Code     0  startup_stm32f105xc.o(.text)
    CAN1_SCE_IRQHandler                      0x0800017f   Thumb Code     0  startup_stm32f105xc.o(.text)
    CAN1_TX_IRQHandler                       0x0800017f   Thumb Code     0  startup_stm32f105xc.o(.text)
    CAN2_SCE_IRQHandler                      0x0800017f   Thumb Code     0  startup_stm32f105xc.o(.text)
    CAN2_TX_IRQHandler                       0x0800017f   Thumb Code     0  startup_stm32f105xc.o(.text)
    DMA1_Channel1_IRQHandler                 0x0800017f   Thumb Code     0  startup_stm32f105xc.o(.text)
    DMA1_Channel2_IRQHandler                 0x0800017f   Thumb Code     0  startup_stm32f105xc.o(.text)
    DMA1_Channel3_IRQHandler                 0x0800017f   Thumb Code     0  startup_stm32f105xc.o(.text)
    DMA1_Channel4_IRQHandler                 0x0800017f   Thumb Code     0  startup_stm32f105xc.o(.text)
    DMA1_Channel5_IRQHandler                 0x0800017f   Thumb Code     0  startup_stm32f105xc.o(.text)
    DMA1_Channel6_IRQHandler                 0x0800017f   Thumb Code     0  startup_stm32f105xc.o(.text)
    DMA1_Channel7_IRQHandler                 0x0800017f   Thumb Code     0  startup_stm32f105xc.o(.text)
    DMA2_Channel1_IRQHandler                 0x0800017f   Thumb Code     0  startup_stm32f105xc.o(.text)
    DMA2_Channel2_IRQHandler                 0x0800017f   Thumb Code     0  startup_stm32f105xc.o(.text)
    DMA2_Channel3_IRQHandler                 0x0800017f   Thumb Code     0  startup_stm32f105xc.o(.text)
    DMA2_Channel4_IRQHandler                 0x0800017f   Thumb Code     0  startup_stm32f105xc.o(.text)
    DMA2_Channel5_IRQHandler                 0x0800017f   Thumb Code     0  startup_stm32f105xc.o(.text)
    EXTI0_IRQHandler                         0x0800017f   Thumb Code     0  startup_stm32f105xc.o(.text)
    EXTI15_10_IRQHandler                     0x0800017f   Thumb Code     0  startup_stm32f105xc.o(.text)
    EXTI1_IRQHandler                         0x0800017f   Thumb Code     0  startup_stm32f105xc.o(.text)
    EXTI2_IRQHandler                         0x0800017f   Thumb Code     0  startup_stm32f105xc.o(.text)
    EXTI3_IRQHandler                         0x0800017f   Thumb Code     0  startup_stm32f105xc.o(.text)
    EXTI4_IRQHandler                         0x0800017f   Thumb Code     0  startup_stm32f105xc.o(.text)
    EXTI9_5_IRQHandler                       0x0800017f   Thumb Code     0  startup_stm32f105xc.o(.text)
    FLASH_IRQHandler                         0x0800017f   Thumb Code     0  startup_stm32f105xc.o(.text)
    I2C1_ER_IRQHandler                       0x0800017f   Thumb Code     0  startup_stm32f105xc.o(.text)
    I2C1_EV_IRQHandler                       0x0800017f   Thumb Code     0  startup_stm32f105xc.o(.text)
    I2C2_ER_IRQHandler                       0x0800017f   Thumb Code     0  startup_stm32f105xc.o(.text)
    I2C2_EV_IRQHandler                       0x0800017f   Thumb Code     0  startup_stm32f105xc.o(.text)
    OTG_FS_IRQHandler                        0x0800017f   Thumb Code     0  startup_stm32f105xc.o(.text)
    OTG_FS_WKUP_IRQHandler                   0x0800017f   Thumb Code     0  startup_stm32f105xc.o(.text)
    PVD_IRQHandler                           0x0800017f   Thumb Code     0  startup_stm32f105xc.o(.text)
    RCC_IRQHandler                           0x0800017f   Thumb Code     0  startup_stm32f105xc.o(.text)
    RTC_Alarm_IRQHandler                     0x0800017f   Thumb Code     0  startup_stm32f105xc.o(.text)
    RTC_IRQHandler                           0x0800017f   Thumb Code     0  startup_stm32f105xc.o(.text)
    SPI1_IRQHandler                          0x0800017f   Thumb Code     0  startup_stm32f105xc.o(.text)
    SPI2_IRQHandler                          0x0800017f   Thumb Code     0  startup_stm32f105xc.o(.text)
    SPI3_IRQHandler                          0x0800017f   Thumb Code     0  startup_stm32f105xc.o(.text)
    TAMPER_IRQHandler                        0x0800017f   Thumb Code     0  startup_stm32f105xc.o(.text)
    TIM1_BRK_IRQHandler                      0x0800017f   Thumb Code     0  startup_stm32f105xc.o(.text)
    TIM1_CC_IRQHandler                       0x0800017f   Thumb Code     0  startup_stm32f105xc.o(.text)
    TIM1_TRG_COM_IRQHandler                  0x0800017f   Thumb Code     0  startup_stm32f105xc.o(.text)
    TIM1_UP_IRQHandler                       0x0800017f   Thumb Code     0  startup_stm32f105xc.o(.text)
    TIM2_IRQHandler                          0x0800017f   Thumb Code     0  startup_stm32f105xc.o(.text)
    TIM4_IRQHandler                          0x0800017f   Thumb Code     0  startup_stm32f105xc.o(.text)
    TIM5_IRQHandler                          0x0800017f   Thumb Code     0  startup_stm32f105xc.o(.text)
    TIM6_IRQHandler                          0x0800017f   Thumb Code     0  startup_stm32f105xc.o(.text)
    TIM7_IRQHandler                          0x0800017f   Thumb Code     0  startup_stm32f105xc.o(.text)
    UART4_IRQHandler                         0x0800017f   Thumb Code     0  startup_stm32f105xc.o(.text)
    UART5_IRQHandler                         0x0800017f   Thumb Code     0  startup_stm32f105xc.o(.text)
    USART1_IRQHandler                        0x0800017f   Thumb Code     0  startup_stm32f105xc.o(.text)
    USART3_IRQHandler                        0x0800017f   Thumb Code     0  startup_stm32f105xc.o(.text)
    WWDG_IRQHandler                          0x0800017f   Thumb Code     0  startup_stm32f105xc.o(.text)
    __aeabi_llsr                             0x08000189   Thumb Code    32  llushr.o(.text)
    _ll_ushift_r                             0x08000189   Thumb Code     0  llushr.o(.text)
    __aeabi_dadd                             0x080001a9   Thumb Code   322  dadd.o(.text)
    __aeabi_dsub                             0x080002eb   Thumb Code     6  dadd.o(.text)
    __aeabi_drsub                            0x080002f1   Thumb Code     6  dadd.o(.text)
    __aeabi_dmul                             0x080002f7   Thumb Code   228  dmul.o(.text)
    __aeabi_ddiv                             0x080003db   Thumb Code   222  ddiv.o(.text)
    __ARM_scalbn                             0x080004b9   Thumb Code    46  dscalb.o(.text)
    scalbn                                   0x080004b9   Thumb Code     0  dscalb.o(.text)
    __aeabi_i2d                              0x080004e7   Thumb Code    34  dflti.o(.text)
    __aeabi_ui2d                             0x08000509   Thumb Code    26  dfltui.o(.text)
    __aeabi_d2iz                             0x08000523   Thumb Code    62  dfixi.o(.text)
    __aeabi_cdrcmple                         0x08000561   Thumb Code    48  cdrcmple.o(.text)
    __aeabi_uidiv                            0x08000591   Thumb Code     0  uidiv.o(.text)
    __aeabi_uidivmod                         0x08000591   Thumb Code    44  uidiv.o(.text)
    __aeabi_uldivmod                         0x080005bd   Thumb Code    98  uldiv.o(.text)
    __aeabi_llsl                             0x0800061f   Thumb Code    30  llshl.o(.text)
    _ll_shift_l                              0x0800061f   Thumb Code     0  llshl.o(.text)
    __aeabi_lasr                             0x0800063d   Thumb Code    36  llsshr.o(.text)
    _ll_sshift_r                             0x0800063d   Thumb Code     0  llsshr.o(.text)
    __I$use$fp                               0x08000661   Thumb Code     0  iusefp.o(.text)
    _double_round                            0x08000661   Thumb Code    30  depilogue.o(.text)
    _double_epilogue                         0x0800067f   Thumb Code   156  depilogue.o(.text)
    __aeabi_d2ulz                            0x0800071b   Thumb Code    48  dfixul.o(.text)
    __scatterload                            0x0800074d   Thumb Code    28  init.o(.text)
    __scatterload_rt2                        0x0800074d   Thumb Code     0  init.o(.text)
    ADC_ConversionStop_Disable               0x08000771   Thumb Code    74  stm32f1xx_hal_adc.o(i.ADC_ConversionStop_Disable)
    BusFault_Handler                         0x080007bb   Thumb Code     2  stm32f1xx_it.o(i.BusFault_Handler)
    CAN1_Init                                0x080007bd   Thumb Code   106  bsp_can.o(i.CAN1_Init)
    CAN1_RX0_IRQHandler                      0x08000849   Thumb Code     6  stm32f1xx_it.o(i.CAN1_RX0_IRQHandler)
    CAN1_RX1_IRQHandler                      0x08000855   Thumb Code     6  stm32f1xx_it.o(i.CAN1_RX1_IRQHandler)
    CAN2_Init                                0x08000861   Thumb Code   106  bsp_can.o(i.CAN2_Init)
    CAN2_RX0_IRQHandler                      0x080008ed   Thumb Code     6  stm32f1xx_it.o(i.CAN2_RX0_IRQHandler)
    CAN2_RX1_IRQHandler                      0x080008f9   Thumb Code     6  stm32f1xx_it.o(i.CAN2_RX1_IRQHandler)
    Can1RecDatas                             0x08000a29   Thumb Code    60  bsp_can.o(i.Can1RecDatas)
    Can2SendMsg                              0x08000a6d   Thumb Code    64  bsp_can.o(i.Can2SendMsg)
    Chassis                                  0x08000ab1   Thumb Code   320  module_chassis.o(i.Chassis)
    ChassisDatasHandle                       0x08000c0d   Thumb Code    44  module_chassis.o(i.ChassisDatasHandle)
    DebugMon_Handler                         0x08000c3d   Thumb Code     2  stm32f1xx_it.o(i.DebugMon_Handler)
    GPIOPB0_Init                             0x08000c41   Thumb Code    58  bsp_gpio.o(i.GPIOPB0_Init)
    GPIOPB1_Init                             0x08000c85   Thumb Code    60  bsp_gpio.o(i.GPIOPB1_Init)
    HAL_ADC_ConfigChannel                    0x08000cc9   Thumb Code   240  stm32f1xx_hal_adc.o(i.HAL_ADC_ConfigChannel)
    HAL_ADC_Init                             0x08000dc5   Thumb Code   272  stm32f1xx_hal_adc.o(i.HAL_ADC_Init)
    HAL_ADC_MspInit                          0x08000ee1   Thumb Code    76  adc.o(i.HAL_ADC_MspInit)
    HAL_CAN_ConfigFilter                     0x08000f39   Thumb Code   238  stm32f1xx_hal_can.o(i.HAL_CAN_ConfigFilter)
    HAL_CAN_ErrorCallback                    0x08001029   Thumb Code    50  module_chassis.o(i.HAL_CAN_ErrorCallback)
    HAL_CAN_IRQHandler                       0x08001065   Thumb Code   548  stm32f1xx_hal_can.o(i.HAL_CAN_IRQHandler)
    HAL_CAN_Init                             0x08001299   Thumb Code   308  stm32f1xx_hal_can.o(i.HAL_CAN_Init)
    HAL_CAN_MspInit                          0x080013cd   Thumb Code   260  stm32f1xx_hal_msp.o(i.HAL_CAN_MspInit)
    HAL_CAN_Receive_IT                       0x080014e9   Thumb Code   184  stm32f1xx_hal_can.o(i.HAL_CAN_Receive_IT)
    HAL_CAN_RxCpltCallback                   0x080015a1   Thumb Code   132  module_chassis.o(i.HAL_CAN_RxCpltCallback)
    HAL_CAN_Transmit                         0x0800163d   Thumb Code   428  stm32f1xx_hal_can.o(i.HAL_CAN_Transmit)
    HAL_CAN_TxCpltCallback                   0x080017f5   Thumb Code     2  stm32f1xx_hal_can.o(i.HAL_CAN_TxCpltCallback)
    HAL_DMA_Abort_IT                         0x080017f9   Thumb Code   296  stm32f1xx_hal_dma.o(i.HAL_DMA_Abort_IT)
    HAL_Delay                                0x08001929   Thumb Code    28  stm32f1xx_hal.o(i.HAL_Delay)
    HAL_GPIO_Init                            0x08001945   Thumb Code   422  stm32f1xx_hal_gpio.o(i.HAL_GPIO_Init)
    HAL_GPIO_WritePin                        0x08001b0d   Thumb Code    10  stm32f1xx_hal_gpio.o(i.HAL_GPIO_WritePin)
    HAL_GetTick                              0x08001b19   Thumb Code     6  stm32f1xx_hal.o(i.HAL_GetTick)
    HAL_IncTick                              0x08001b25   Thumb Code    10  stm32f1xx_hal.o(i.HAL_IncTick)
    HAL_Init                                 0x08001b35   Thumb Code    32  stm32f1xx_hal.o(i.HAL_Init)
    HAL_InitTick                             0x08001b59   Thumb Code    34  stm32f1xx_hal.o(i.HAL_InitTick)
    HAL_MspInit                              0x08001b81   Thumb Code   138  stm32f1xx_hal_msp.o(i.HAL_MspInit)
    HAL_NVIC_EnableIRQ                       0x08001c15   Thumb Code    22  stm32f1xx_hal_cortex.o(i.HAL_NVIC_EnableIRQ)
    HAL_NVIC_SetPriority                     0x08001c2d   Thumb Code    60  stm32f1xx_hal_cortex.o(i.HAL_NVIC_SetPriority)
    HAL_NVIC_SetPriorityGrouping             0x08001c6d   Thumb Code    26  stm32f1xx_hal_cortex.o(i.HAL_NVIC_SetPriorityGrouping)
    HAL_RCC_ClockConfig                      0x08001c91   Thumb Code   316  stm32f1xx_hal_rcc.o(i.HAL_RCC_ClockConfig)
    HAL_RCC_GetHCLKFreq                      0x08001ddd   Thumb Code     6  stm32f1xx_hal_rcc.o(i.HAL_RCC_GetHCLKFreq)
    HAL_RCC_GetPCLK1Freq                     0x08001de9   Thumb Code    20  stm32f1xx_hal_rcc.o(i.HAL_RCC_GetPCLK1Freq)
    HAL_RCC_GetPCLK2Freq                     0x08001e09   Thumb Code    20  stm32f1xx_hal_rcc.o(i.HAL_RCC_GetPCLK2Freq)
    HAL_RCC_GetSysClockFreq                  0x08001e29   Thumb Code   122  stm32f1xx_hal_rcc.o(i.HAL_RCC_GetSysClockFreq)
    HAL_RCC_OscConfig                        0x08001ed5   Thumb Code   932  stm32f1xx_hal_rcc.o(i.HAL_RCC_OscConfig)
    HAL_SPI_Init                             0x0800228d   Thumb Code   130  stm32f1xx_hal_spi_ex.o(i.HAL_SPI_Init)
    HAL_SPI_MspInit                          0x08002311   Thumb Code    90  spi.o(i.HAL_SPI_MspInit)
    HAL_SPI_Transmit                         0x0800237d   Thumb Code   356  stm32f1xx_hal_spi.o(i.HAL_SPI_Transmit)
    HAL_SYSTICK_CLKSourceConfig              0x080024e1   Thumb Code    24  stm32f1xx_hal_cortex.o(i.HAL_SYSTICK_CLKSourceConfig)
    HAL_SYSTICK_Callback                     0x080024f9   Thumb Code     2  stm32f1xx_hal_cortex.o(i.HAL_SYSTICK_Callback)
    HAL_SYSTICK_Config                       0x080024fb   Thumb Code    40  stm32f1xx_hal_cortex.o(i.HAL_SYSTICK_Config)
    HAL_SYSTICK_IRQHandler                   0x08002523   Thumb Code     8  stm32f1xx_hal_cortex.o(i.HAL_SYSTICK_IRQHandler)
    HAL_TIM_PWM_ConfigChannel                0x0800252b   Thumb Code   208  stm32f1xx_hal_tim.o(i.HAL_TIM_PWM_ConfigChannel)
    HAL_TIM_PWM_Init                         0x080025fb   Thumb Code    54  stm32f1xx_hal_tim.o(i.HAL_TIM_PWM_Init)
    HAL_TIM_PWM_MspInit                      0x08002631   Thumb Code    76  tim.o(i.HAL_TIM_PWM_MspInit)
    HAL_TIM_PWM_Start                        0x08002689   Thumb Code    42  stm32f1xx_hal_tim.o(i.HAL_TIM_PWM_Start)
    HAL_UART_ErrorCallback                   0x080026b9   Thumb Code    98  usart.o(i.HAL_UART_ErrorCallback)
    HAL_UART_IRQHandler                      0x08002741   Thumb Code   266  stm32f1xx_hal_uart.o(i.HAL_UART_IRQHandler)
    HAL_UART_Init                            0x08002851   Thumb Code    98  stm32f1xx_hal_uart.o(i.HAL_UART_Init)
    HAL_UART_MspInit                         0x080028b5   Thumb Code   200  usart.o(i.HAL_UART_MspInit)
    HAL_UART_Receive_IT                      0x08002991   Thumb Code    82  stm32f1xx_hal_uart.o(i.HAL_UART_Receive_IT)
    HAL_UART_RxCpltCallback                  0x080029e5   Thumb Code   100  usart.o(i.HAL_UART_RxCpltCallback)
    HAL_UART_Transmit                        0x08002a6d   Thumb Code   186  stm32f1xx_hal_uart.o(i.HAL_UART_Transmit)
    HAL_UART_TxCpltCallback                  0x08002b27   Thumb Code     2  stm32f1xx_hal_uart.o(i.HAL_UART_TxCpltCallback)
    HardFault_Handler                        0x08002b29   Thumb Code     2  stm32f1xx_it.o(i.HardFault_Handler)
    LED_Init                                 0x08002b2d   Thumb Code    40  device_led.o(i.LED_Init)
    MX_ADC1_Init                             0x08002b59   Thumb Code    76  adc.o(i.MX_ADC1_Init)
    MX_SPI1_Init                             0x08002c31   Thumb Code    66  spi.o(i.MX_SPI1_Init)
    MX_USART2_UART_Init                      0x08002c8d   Thumb Code    72  usart.o(i.MX_USART2_UART_Init)
    MX_USART3_UART_Init                      0x08002cf5   Thumb Code    72  usart.o(i.MX_USART3_UART_Init)
    MemManage_Handler                        0x08002d5d   Thumb Code     2  stm32f1xx_it.o(i.MemManage_Handler)
    NMI_Handler                              0x08002d5f   Thumb Code     2  stm32f1xx_it.o(i.NMI_Handler)
    PendSV_Handler                           0x08002d81   Thumb Code     2  stm32f1xx_it.o(i.PendSV_Handler)
    Pid_Init                                 0x08002d85   Thumb Code   174  module_chassis.o(i.Pid_Init)
    RECEIVE_PACK                             0x08002e5d   Thumb Code   304  protocal.o(i.RECEIVE_PACK)
    SVC_Handler                              0x0800304b   Thumb Code     2  stm32f1xx_it.o(i.SVC_Handler)
    SysTick_Handler                          0x0800304d   Thumb Code    14  stm32f1xx_it.o(i.SysTick_Handler)
    SystemClock_Config                       0x0800305d   Thumb Code   110  main.o(i.SystemClock_Config)
    SystemInit                               0x080030d1   Thumb Code    68  system_stm32f1xx.o(i.SystemInit)
    TIM1_PWM_Init                            0x08003125   Thumb Code    62  tim.o(i.TIM1_PWM_Init)
    TIM3_IRQHandler                          0x0800316d   Thumb Code     2  stm32f1xx_it.o(i.TIM3_IRQHandler)
    TIM_Base_SetConfig                       0x08003171   Thumb Code   104  stm32f1xx_hal_tim.o(i.TIM_Base_SetConfig)
    TIM_CCxChannelCmd                        0x080031e9   Thumb Code    22  stm32f1xx_hal_tim.o(i.TIM_CCxChannelCmd)
    TIM_OC2_SetConfig                        0x08003259   Thumb Code    86  stm32f1xx_hal_tim.o(i.TIM_OC2_SetConfig)
    TIM_SetTIM1Compare2                      0x08003351   Thumb Code     6  tim.o(i.TIM_SetTIM1Compare2)
    USART2_IRQHandler                        0x08003655   Thumb Code     6  stm32f1xx_it.o(i.USART2_IRQHandler)
    UsageFault_Handler                       0x08003661   Thumb Code     2  stm32f1xx_it.o(i.UsageFault_Handler)
    _Error_Handler                           0x08003663   Thumb Code     2  main.o(i._Error_Handler)
    __0printf                                0x08003665   Thumb Code    22  printfa.o(i.__0printf)
    __1printf                                0x08003665   Thumb Code     0  printfa.o(i.__0printf)
    __2printf                                0x08003665   Thumb Code     0  printfa.o(i.__0printf)
    __c89printf                              0x08003665   Thumb Code     0  printfa.o(i.__0printf)
    printf                                   0x08003665   Thumb Code     0  printfa.o(i.__0printf)
    __scatterload_copy                       0x08003685   Thumb Code    14  handlers.o(i.__scatterload_copy)
    __scatterload_null                       0x08003693   Thumb Code     2  handlers.o(i.__scatterload_null)
    __scatterload_zeroinit                   0x08003695   Thumb Code    14  handlers.o(i.__scatterload_zeroinit)
    filter1Process                           0x08003f39   Thumb Code    68  filter.o(i.filter1Process)
    fputc                                    0x08003f81   Thumb Code    20  usart.o(i.fputc)
    m2006FeedBack                            0x08003f99   Thumb Code   266  device_m2006.o(i.m2006FeedBack)
    m2006ResetRoundcnt                       0x080040ad   Thumb Code    36  device_m2006.o(i.m2006ResetRoundcnt)
    m2006SetCurrent                          0x080040d5   Thumb Code   118  device_m2006.o(i.m2006SetCurrent)
    main                                     0x08004151   Thumb Code   116  main.o(i.main)
    oled_clear                               0x080041d5   Thumb Code    60  oled.o(i.oled_clear)
    oled_init                                0x08004215   Thumb Code   282  oled.o(i.oled_init)
    oled_write_byte                          0x08004361   Thumb Code    32  oled.o(i.oled_write_byte)
    pidProcess                               0x08004389   Thumb Code   280  pid.o(i.pidProcess)
    AHBPrescTable                            0x080044b4   Data          16  system_stm32f1xx.o(.constdata)
    APBPrescTable                            0x080044c4   Data           8  system_stm32f1xx.o(.constdata)
    Region$$Table$$Base                      0x080044cc   Number         0  anon$$obj.o(Region$$Table)
    Region$$Table$$Limit                     0x080044ec   Number         0  anon$$obj.o(Region$$Table)
    uwTick                                   0x20000000   Data           4  stm32f1xx_hal.o(.data)
    SystemCoreClock                          0x20000004   Data           4  system_stm32f1xx.o(.data)
    usart2_rx_data                           0x2000000c   Data           1  usart.o(.data)
    usart3_rx_data                           0x2000000d   Data           1  usart.o(.data)
    LED_RED                                  0x2000000e   Data           2  device_led.o(.data)
    LED_GREEN                                0x20000010   Data           2  device_led.o(.data)
    rcount                                   0x20000014   Data           8  device_m2006.o(.data)
    pack_velocity                            0x20000066   Data           8  protocal.o(.data)
    pack_motor                               0x2000006e   Data           8  protocal.o(.data)
    Car                                      0x20000076   Data           8  module_chassis.o(.data)
    __stdout                                 0x20000080   Data           4  stdout.o(.data)
    hcan2                                    0x20000084   Data          68  bsp_can.o(.bss)
    hcan1                                    0x200000c8   Data          68  bsp_can.o(.bss)
    CAN2_Filter                              0x2000010c   Data          40  bsp_can.o(.bss)
    CAN1_Filter                              0x20000134   Data          40  bsp_can.o(.bss)
    hspi1                                    0x200001dc   Data          88  spi.o(.bss)
    TIM1_Handler                             0x20000234   Data          64  tim.o(.bss)
    TIM1_CH1Handler                          0x20000274   Data          28  tim.o(.bss)
    hadc1                                    0x20000290   Data          48  adc.o(.bss)
    huart2                                   0x200002c0   Data          64  usart.o(.bss)
    huart3                                   0x20000300   Data          64  usart.o(.bss)
    OlED_Key                                 0x20000740   Data          12  oled.o(.bss)
    receive_data                             0x2000074c   Data          24  protocal.o(.bss)
    check                                    0x20000764   Data          20  protocal.o(.bss)
    m2006                                    0x20000778   Data         160  module_chassis.o(.bss)
    s1_speed                                 0x20000818   Data          88  module_chassis.o(.bss)
    s2_speed                                 0x20000870   Data          88  module_chassis.o(.bss)
    s3_speed                                 0x200008c8   Data          88  module_chassis.o(.bss)
    imu_data                                 0x20000920   Data          88  module_chassis.o(.bss)
    m2006ctrl                                0x20000978   Data          10  module_chassis.o(.bss)
    __initial_sp                             0x20000d88   Data           0  startup_stm32f105xc.o(STACK)



==============================================================================

Memory Map of the image

  Image Entry point : 0x08000151

  Load Region LR_IROM1 (Base: 0x08000000, Size: 0x00004570, Max: 0x00010000, ABSOLUTE)

    Execution Region ER_IROM1 (Base: 0x08000000, Size: 0x000044ec, Max: 0x00010000, ABSOLUTE)

    Base Addr    Size         Type   Attr      Idx    E Section Name        Object

    0x08000000   0x00000150   Data   RO            3    RESET               startup_stm32f105xc.o
    0x08000150   0x00000000   Code   RO         4095  * .ARM.Collect$$$$00000000  mc_w.l(entry.o)
    0x08000150   0x00000004   Code   RO         4390    .ARM.Collect$$$$00000001  mc_w.l(entry2.o)
    0x08000154   0x00000004   Code   RO         4393    .ARM.Collect$$$$00000004  mc_w.l(entry5.o)
    0x08000158   0x00000000   Code   RO         4395    .ARM.Collect$$$$00000008  mc_w.l(entry7b.o)
    0x08000158   0x00000000   Code   RO         4397    .ARM.Collect$$$$0000000A  mc_w.l(entry8b.o)
    0x08000158   0x00000008   Code   RO         4398    .ARM.Collect$$$$0000000B  mc_w.l(entry9a.o)
    0x08000160   0x00000000   Code   RO         4400    .ARM.Collect$$$$0000000D  mc_w.l(entry10a.o)
    0x08000160   0x00000000   Code   RO         4402    .ARM.Collect$$$$0000000F  mc_w.l(entry11a.o)
    0x08000160   0x00000004   Code   RO         4391    .ARM.Collect$$$$00002712  mc_w.l(entry2.o)
    0x08000164   0x00000024   Code   RO            4    .text               startup_stm32f105xc.o
    0x08000188   0x00000020   Code   RO         4098    .text               mc_w.l(llushr.o)
    0x080001a8   0x0000014e   Code   RO         4368    .text               mf_w.l(dadd.o)
    0x080002f6   0x000000e4   Code   RO         4370    .text               mf_w.l(dmul.o)
    0x080003da   0x000000de   Code   RO         4372    .text               mf_w.l(ddiv.o)
    0x080004b8   0x0000002e   Code   RO         4374    .text               mf_w.l(dscalb.o)
    0x080004e6   0x00000022   Code   RO         4380    .text               mf_w.l(dflti.o)
    0x08000508   0x0000001a   Code   RO         4382    .text               mf_w.l(dfltui.o)
    0x08000522   0x0000003e   Code   RO         4386    .text               mf_w.l(dfixi.o)
    0x08000560   0x00000030   Code   RO         4388    .text               mf_w.l(cdrcmple.o)
    0x08000590   0x0000002c   Code   RO         4405    .text               mc_w.l(uidiv.o)
    0x080005bc   0x00000062   Code   RO         4407    .text               mc_w.l(uldiv.o)
    0x0800061e   0x0000001e   Code   RO         4409    .text               mc_w.l(llshl.o)
    0x0800063c   0x00000024   Code   RO         4411    .text               mc_w.l(llsshr.o)
    0x08000660   0x00000000   Code   RO         4413    .text               mc_w.l(iusefp.o)
    0x08000660   0x000000ba   Code   RO         4416    .text               mf_w.l(depilogue.o)
    0x0800071a   0x00000030   Code   RO         4418    .text               mf_w.l(dfixul.o)
    0x0800074a   0x00000002   PAD
    0x0800074c   0x00000024   Code   RO         4420    .text               mc_w.l(init.o)
    0x08000770   0x0000004a   Code   RO         2931    i.ADC_ConversionStop_Disable  stm32f1xx_hal_adc.o
    0x080007ba   0x00000002   Code   RO          227    i.BusFault_Handler  stm32f1xx_it.o
    0x080007bc   0x0000008c   Code   RO         3373    i.CAN1_Init         bsp_can.o
    0x08000848   0x0000000c   Code   RO          228    i.CAN1_RX0_IRQHandler  stm32f1xx_it.o
    0x08000854   0x0000000c   Code   RO          229    i.CAN1_RX1_IRQHandler  stm32f1xx_it.o
    0x08000860   0x0000008c   Code   RO         3374    i.CAN2_Init         bsp_can.o
    0x080008ec   0x0000000c   Code   RO          230    i.CAN2_RX0_IRQHandler  stm32f1xx_it.o
    0x080008f8   0x0000000c   Code   RO          231    i.CAN2_RX1_IRQHandler  stm32f1xx_it.o
    0x08000904   0x00000124   Code   RO         2133    i.CAN_Receive_IT    stm32f1xx_hal_can.o
    0x08000a28   0x00000044   Code   RO         3375    i.Can1RecDatas      bsp_can.o
    0x08000a6c   0x00000044   Code   RO         3379    i.Can2SendMsg       bsp_can.o
    0x08000ab0   0x0000015c   Code   RO         4043    i.Chassis           module_chassis.o
    0x08000c0c   0x00000030   Code   RO         4044    i.ChassisDatasHandle  module_chassis.o
    0x08000c3c   0x00000002   Code   RO          232    i.DebugMon_Handler  stm32f1xx_it.o
    0x08000c3e   0x00000002   PAD
    0x08000c40   0x00000044   Code   RO         3343    i.GPIOPB0_Init      bsp_gpio.o
    0x08000c84   0x00000044   Code   RO         3344    i.GPIOPB1_Init      bsp_gpio.o
    0x08000cc8   0x000000fc   Code   RO         2937    i.HAL_ADC_ConfigChannel  stm32f1xx_hal_adc.o
    0x08000dc4   0x0000011c   Code   RO         2946    i.HAL_ADC_Init      stm32f1xx_hal_adc.o
    0x08000ee0   0x00000058   Code   RO         3664    i.HAL_ADC_MspInit   adc.o
    0x08000f38   0x000000ee   Code   RO         2134    i.HAL_CAN_ConfigFilter  stm32f1xx_hal_can.o
    0x08001026   0x00000002   PAD
    0x08001028   0x0000003c   Code   RO         4045    i.HAL_CAN_ErrorCallback  module_chassis.o
    0x08001064   0x00000234   Code   RO         2139    i.HAL_CAN_IRQHandler  stm32f1xx_hal_can.o
    0x08001298   0x00000134   Code   RO         2140    i.HAL_CAN_Init      stm32f1xx_hal_can.o
    0x080013cc   0x0000011c   Code   RO         3246    i.HAL_CAN_MspInit   stm32f1xx_hal_msp.o
    0x080014e8   0x000000b8   Code   RO         2144    i.HAL_CAN_Receive_IT  stm32f1xx_hal_can.o
    0x080015a0   0x0000009c   Code   RO         4046    i.HAL_CAN_RxCpltCallback  module_chassis.o
    0x0800163c   0x000001b8   Code   RO         2147    i.HAL_CAN_Transmit  stm32f1xx_hal_can.o
    0x080017f4   0x00000002   Code   RO         2149    i.HAL_CAN_TxCpltCallback  stm32f1xx_hal_can.o
    0x080017f6   0x00000002   PAD
    0x080017f8   0x00000130   Code   RO         1610    i.HAL_DMA_Abort_IT  stm32f1xx_hal_dma.o
    0x08001928   0x0000001c   Code   RO         1246    i.HAL_Delay         stm32f1xx_hal.o
    0x08001944   0x000001c8   Code   RO         1545    i.HAL_GPIO_Init     stm32f1xx_hal_gpio.o
    0x08001b0c   0x0000000a   Code   RO         1549    i.HAL_GPIO_WritePin  stm32f1xx_hal_gpio.o
    0x08001b16   0x00000002   PAD
    0x08001b18   0x0000000c   Code   RO         1250    i.HAL_GetTick       stm32f1xx_hal.o
    0x08001b24   0x00000010   Code   RO         1252    i.HAL_IncTick       stm32f1xx_hal.o
    0x08001b34   0x00000024   Code   RO         1253    i.HAL_Init          stm32f1xx_hal.o
    0x08001b58   0x00000028   Code   RO         1254    i.HAL_InitTick      stm32f1xx_hal.o
    0x08001b80   0x00000094   Code   RO         3247    i.HAL_MspInit       stm32f1xx_hal_msp.o
    0x08001c14   0x00000016   Code   RO         1705    i.HAL_NVIC_EnableIRQ  stm32f1xx_hal_cortex.o
    0x08001c2a   0x00000002   PAD
    0x08001c2c   0x00000040   Code   RO         1711    i.HAL_NVIC_SetPriority  stm32f1xx_hal_cortex.o
    0x08001c6c   0x00000024   Code   RO         1712    i.HAL_NVIC_SetPriorityGrouping  stm32f1xx_hal_cortex.o
    0x08001c90   0x0000014c   Code   RO         1381    i.HAL_RCC_ClockConfig  stm32f1xx_hal_rcc.o
    0x08001ddc   0x0000000c   Code   RO         1386    i.HAL_RCC_GetHCLKFreq  stm32f1xx_hal_rcc.o
    0x08001de8   0x00000020   Code   RO         1388    i.HAL_RCC_GetPCLK1Freq  stm32f1xx_hal_rcc.o
    0x08001e08   0x00000020   Code   RO         1389    i.HAL_RCC_GetPCLK2Freq  stm32f1xx_hal_rcc.o
    0x08001e28   0x000000ac   Code   RO         1390    i.HAL_RCC_GetSysClockFreq  stm32f1xx_hal_rcc.o
    0x08001ed4   0x000003b8   Code   RO         1393    i.HAL_RCC_OscConfig  stm32f1xx_hal_rcc.o
    0x0800228c   0x00000082   Code   RO         2581    i.HAL_SPI_Init      stm32f1xx_hal_spi_ex.o
    0x0800230e   0x00000002   PAD
    0x08002310   0x0000006c   Code   RO         3441    i.HAL_SPI_MspInit   spi.o
    0x0800237c   0x00000164   Code   RO         2277    i.HAL_SPI_Transmit  stm32f1xx_hal_spi.o
    0x080024e0   0x00000018   Code   RO         1714    i.HAL_SYSTICK_CLKSourceConfig  stm32f1xx_hal_cortex.o
    0x080024f8   0x00000002   Code   RO         1715    i.HAL_SYSTICK_Callback  stm32f1xx_hal_cortex.o
    0x080024fa   0x00000028   Code   RO         1716    i.HAL_SYSTICK_Config  stm32f1xx_hal_cortex.o
    0x08002522   0x00000008   Code   RO         1717    i.HAL_SYSTICK_IRQHandler  stm32f1xx_hal_cortex.o
    0x0800252a   0x000000d0   Code   RO          443    i.HAL_TIM_PWM_ConfigChannel  stm32f1xx_hal_tim.o
    0x080025fa   0x00000036   Code   RO          446    i.HAL_TIM_PWM_Init  stm32f1xx_hal_tim.o
    0x08002630   0x00000058   Code   RO         3598    i.HAL_TIM_PWM_MspInit  tim.o
    0x08002688   0x00000030   Code   RO          450    i.HAL_TIM_PWM_Start  stm32f1xx_hal_tim.o
    0x080026b8   0x00000088   Code   RO         3705    i.HAL_UART_ErrorCallback  usart.o
    0x08002740   0x00000110   Code   RO         2629    i.HAL_UART_IRQHandler  stm32f1xx_hal_uart.o
    0x08002850   0x00000062   Code   RO         2630    i.HAL_UART_Init     stm32f1xx_hal_uart.o
    0x080028b2   0x00000002   PAD
    0x080028b4   0x000000dc   Code   RO         3707    i.HAL_UART_MspInit  usart.o
    0x08002990   0x00000052   Code   RO         2635    i.HAL_UART_Receive_IT  stm32f1xx_hal_uart.o
    0x080029e2   0x00000002   PAD
    0x080029e4   0x00000088   Code   RO         3708    i.HAL_UART_RxCpltCallback  usart.o
    0x08002a6c   0x000000ba   Code   RO         2638    i.HAL_UART_Transmit  stm32f1xx_hal_uart.o
    0x08002b26   0x00000002   Code   RO         2641    i.HAL_UART_TxCpltCallback  stm32f1xx_hal_uart.o
    0x08002b28   0x00000002   Code   RO          233    i.HardFault_Handler  stm32f1xx_it.o
    0x08002b2a   0x00000002   PAD
    0x08002b2c   0x0000002c   Code   RO         3772    i.LED_Init          device_led.o
    0x08002b58   0x00000068   Code   RO         3665    i.MX_ADC1_Init      adc.o
    0x08002bc0   0x00000070   Code   RO           13    i.MX_GPIO_Init      main.o
    0x08002c30   0x0000005c   Code   RO         3442    i.MX_SPI1_Init      spi.o
    0x08002c8c   0x00000068   Code   RO         3709    i.MX_USART2_UART_Init  usart.o
    0x08002cf4   0x00000068   Code   RO         3710    i.MX_USART3_UART_Init  usart.o
    0x08002d5c   0x00000002   Code   RO          234    i.MemManage_Handler  stm32f1xx_it.o
    0x08002d5e   0x00000002   Code   RO          235    i.NMI_Handler       stm32f1xx_it.o
    0x08002d60   0x00000020   Code   RO         1718    i.NVIC_SetPriority  stm32f1xx_hal_cortex.o
    0x08002d80   0x00000002   Code   RO          236    i.PendSV_Handler    stm32f1xx_it.o
    0x08002d82   0x00000002   PAD
    0x08002d84   0x000000d8   Code   RO         4047    i.Pid_Init          module_chassis.o
    0x08002e5c   0x00000138   Code   RO         4007    i.RECEIVE_PACK      protocal.o
    0x08002f94   0x00000020   Code   RO         2293    i.SPI_CheckFlag_BSY  stm32f1xx_hal_spi.o
    0x08002fb4   0x00000096   Code   RO         2312    i.SPI_WaitFlagStateUntilTimeout  stm32f1xx_hal_spi.o
    0x0800304a   0x00000002   Code   RO          237    i.SVC_Handler       stm32f1xx_it.o
    0x0800304c   0x0000000e   Code   RO          238    i.SysTick_Handler   stm32f1xx_it.o
    0x0800305a   0x00000002   PAD
    0x0800305c   0x00000074   Code   RO           14    i.SystemClock_Config  main.o
    0x080030d0   0x00000054   Code   RO         3208    i.SystemInit        system_stm32f1xx.o
    0x08003124   0x00000048   Code   RO         3602    i.TIM1_PWM_Init     tim.o
    0x0800316c   0x00000002   Code   RO          239    i.TIM3_IRQHandler   stm32f1xx_it.o
    0x0800316e   0x00000002   PAD
    0x08003170   0x00000078   Code   RO          461    i.TIM_Base_SetConfig  stm32f1xx_hal_tim.o
    0x080031e8   0x00000016   Code   RO          462    i.TIM_CCxChannelCmd  stm32f1xx_hal_tim.o
    0x080031fe   0x00000002   PAD
    0x08003200   0x00000058   Code   RO          470    i.TIM_OC1_SetConfig  stm32f1xx_hal_tim.o
    0x08003258   0x0000005c   Code   RO          471    i.TIM_OC2_SetConfig  stm32f1xx_hal_tim.o
    0x080032b4   0x00000058   Code   RO          472    i.TIM_OC3_SetConfig  stm32f1xx_hal_tim.o
    0x0800330c   0x00000044   Code   RO          473    i.TIM_OC4_SetConfig  stm32f1xx_hal_tim.o
    0x08003350   0x0000000c   Code   RO         3603    i.TIM_SetTIM1Compare2  tim.o
    0x0800335c   0x00000010   Code   RO         2643    i.UART_DMAAbortOnError  stm32f1xx_hal_uart.o
    0x0800336c   0x0000001c   Code   RO         2653    i.UART_EndRxTransfer  stm32f1xx_hal_uart.o
    0x08003388   0x00000096   Code   RO         2655    i.UART_Receive_IT   stm32f1xx_hal_uart.o
    0x0800341e   0x00000002   PAD
    0x08003420   0x00000170   Code   RO         2656    i.UART_SetConfig    stm32f1xx_hal_uart.o
    0x08003590   0x00000062   Code   RO         2657    i.UART_Transmit_IT  stm32f1xx_hal_uart.o
    0x080035f2   0x00000062   Code   RO         2658    i.UART_WaitOnFlagUntilTimeout  stm32f1xx_hal_uart.o
    0x08003654   0x0000000c   Code   RO          240    i.USART2_IRQHandler  stm32f1xx_it.o
    0x08003660   0x00000002   Code   RO          241    i.UsageFault_Handler  stm32f1xx_it.o
    0x08003662   0x00000002   Code   RO           15    i._Error_Handler    main.o
    0x08003664   0x00000020   Code   RO         4335    i.__0printf         mc_w.l(printfa.o)
    0x08003684   0x0000000e   Code   RO         4424    i.__scatterload_copy  mc_w.l(handlers.o)
    0x08003692   0x00000002   Code   RO         4425    i.__scatterload_null  mc_w.l(handlers.o)
    0x08003694   0x0000000e   Code   RO         4426    i.__scatterload_zeroinit  mc_w.l(handlers.o)
    0x080036a2   0x00000002   PAD
    0x080036a4   0x00000164   Code   RO         4342    i._fp_digits        mc_w.l(printfa.o)
    0x08003808   0x000006dc   Code   RO         4343    i._printf_core      mc_w.l(printfa.o)
    0x08003ee4   0x00000024   Code   RO         4344    i._printf_post_padding  mc_w.l(printfa.o)
    0x08003f08   0x0000002e   Code   RO         4345    i._printf_pre_padding  mc_w.l(printfa.o)
    0x08003f36   0x00000002   PAD
    0x08003f38   0x00000048   Code   RO         3280    i.filter1Process    filter.o
    0x08003f80   0x00000018   Code   RO         3711    i.fputc             usart.o
    0x08003f98   0x00000114   Code   RO         3820    i.m2006FeedBack     device_m2006.o
    0x080040ac   0x00000028   Code   RO         3822    i.m2006ResetRoundcnt  device_m2006.o
    0x080040d4   0x0000007c   Code   RO         3823    i.m2006SetCurrent   device_m2006.o
    0x08004150   0x00000084   Code   RO           16    i.main              main.o
    0x080041d4   0x00000040   Code   RO         3869    i.oled_clear        oled.o
    0x08004214   0x00000120   Code   RO         3874    i.oled_init         oled.o
    0x08004334   0x0000002a   Code   RO         3877    i.oled_set_pos      oled.o
    0x0800435e   0x00000002   PAD
    0x08004360   0x00000028   Code   RO         3881    i.oled_write_byte   oled.o
    0x08004388   0x0000012c   Code   RO         3308    i.pidProcess        pid.o
    0x080044b4   0x00000010   Data   RO         3209    .constdata          system_stm32f1xx.o
    0x080044c4   0x00000008   Data   RO         3210    .constdata          system_stm32f1xx.o
    0x080044cc   0x00000020   Data   RO         4422    Region$$Table       anon$$obj.o


    Execution Region RW_IRAM1 (Base: 0x20000000, Size: 0x00000d88, Max: 0x00010000, ABSOLUTE)

    Base Addr    Size         Type   Attr      Idx    E Section Name        Object

    0x20000000   0x00000004   Data   RW         1259    .data               stm32f1xx_hal.o
    0x20000004   0x00000004   Data   RW         3211    .data               system_stm32f1xx.o
    0x20000008   0x00000004   Data   RW         3248    .data               stm32f1xx_hal_msp.o
    0x2000000c   0x00000002   Data   RW         3713    .data               usart.o
    0x2000000e   0x00000004   Data   RW         3776    .data               device_led.o
    0x20000012   0x00000002   PAD
    0x20000014   0x00000050   Data   RW         3824    .data               device_m2006.o
    0x20000064   0x00000012   Data   RW         4009    .data               protocal.o
    0x20000076   0x00000008   Data   RW         4051    .data               module_chassis.o
    0x2000007e   0x00000002   PAD
    0x20000080   0x00000004   Data   RW         4404    .data               mc_w.l(stdout.o)
    0x20000084   0x00000158   Zero   RW         3380    .bss                bsp_can.o
    0x200001dc   0x00000058   Zero   RW         3443    .bss                spi.o
    0x20000234   0x0000005c   Zero   RW         3604    .bss                tim.o
    0x20000290   0x00000030   Zero   RW         3666    .bss                adc.o
    0x200002c0   0x00000080   Zero   RW         3712    .bss                usart.o
    0x20000340   0x0000040c   Zero   RW         3882    .bss                oled.o
    0x2000074c   0x0000002c   Zero   RW         4008    .bss                protocal.o
    0x20000778   0x0000020a   Zero   RW         4048    .bss                module_chassis.o
    0x20000982   0x00000006   PAD
    0x20000988   0x00000400   Zero   RW            1    STACK               startup_stm32f105xc.o


==============================================================================

Image component sizes


      Code (inc. data)   RO Data    RW Data    ZI Data      Debug   Object Name

       192         40          0          0         48       1853   adc.o
       416         80          0          0        344       3331   bsp_can.o
       136         18          0          0          0       1606   bsp_gpio.o
        44          4          0          4          0       1739   device_led.o
       440         20          0         80          0       2836   device_m2006.o
        72          4          0          0          0        609   filter.o
       362         32          0          0          0     645025   main.o
       828        108          0          8        522       4421   module_chassis.o
       434         18          0          0       1036       5026   oled.o
       300         20          0          0          0        761   pid.o
       312         20          0         18         44       2534   protocal.o
       200         44          0          0         88       1817   spi.o
        36          8        336          0       1024        852   startup_stm32f105xc.o
       132         22          0          4          0       4039   stm32f1xx_hal.o
       610         24          0          0          0       3132   stm32f1xx_hal_adc.o
      2028         28          0          0          0       6868   stm32f1xx_hal_can.o
       228         14          0          0          0      27533   stm32f1xx_hal_cortex.o
       304          8          0          0          0       1219   stm32f1xx_hal_dma.o
       466         34          0          0          0       2740   stm32f1xx_hal_gpio.o
       432         34          0          4          0       2172   stm32f1xx_hal_msp.o
      1532        116          0          0          0       6044   stm32f1xx_hal_rcc.o
       538          0          0          0          0       3047   stm32f1xx_hal_spi.o
       130          0          0          0          0       1151   stm32f1xx_hal_spi_ex.o
       788         42          0          0          0       7576   stm32f1xx_hal_tim.o
      1398         10          0          0          0       8650   stm32f1xx_hal_uart.o
        92         30          0          0          0       7296   stm32f1xx_it.o
        84         16         24          4          0       1351   system_stm32f1xx.o
       172         28          0          0         92       2423   tim.o
       724        162          0          2        128       4672   usart.o

    ----------------------------------------------------------------------
     13460        984        392        128       3332     762323   Object Totals
         0          0         32          0          0          0   (incl. Generated)
        30          0          0          4          6          0   (incl. Padding)

    ----------------------------------------------------------------------

      Code (inc. data)   RO Data    RW Data    ZI Data      Debug   Library Member Name

         0          0          0          0          0          0   entry.o
         0          0          0          0          0          0   entry10a.o
         0          0          0          0          0          0   entry11a.o
         8          4          0          0          0          0   entry2.o
         4          0          0          0          0          0   entry5.o
         0          0          0          0          0          0   entry7b.o
         0          0          0          0          0          0   entry8b.o
         8          4          0          0          0          0   entry9a.o
        30          0          0          0          0          0   handlers.o
        36          8          0          0          0         68   init.o
         0          0          0          0          0          0   iusefp.o
        30          0          0          0          0         68   llshl.o
        36          0          0          0          0         68   llsshr.o
        32          0          0          0          0         68   llushr.o
      2226         90          0          0          0        444   printfa.o
         0          0          0          4          0          0   stdout.o
        44          0          0          0          0         80   uidiv.o
        98          0          0          0          0         92   uldiv.o
        48          0          0          0          0         68   cdrcmple.o
       334          0          0          0          0        148   dadd.o
       222          0          0          0          0        100   ddiv.o
       186          0          0          0          0        176   depilogue.o
        62          0          0          0          0         80   dfixi.o
        48          0          0          0          0         68   dfixul.o
        34          0          0          0          0         76   dflti.o
        26          0          0          0          0         76   dfltui.o
       228          0          0          0          0         96   dmul.o
        46          0          0          0          0         80   dscalb.o

    ----------------------------------------------------------------------
      3792        106          0          4          0       1856   Library Totals
         6          0          0          0          0          0   (incl. Padding)

    ----------------------------------------------------------------------

      Code (inc. data)   RO Data    RW Data    ZI Data      Debug   Library Name

      2552        106          0          4          0        888   mc_w.l
      1234          0          0          0          0        968   mf_w.l

    ----------------------------------------------------------------------
      3792        106          0          4          0       1856   Library Totals

    ----------------------------------------------------------------------

==============================================================================


      Code (inc. data)   RO Data    RW Data    ZI Data      Debug   

     17252       1090        392        132       3332     757675   Grand Totals
     17252       1090        392        132       3332     757675   ELF Image Totals
     17252       1090        392        132          0          0   ROM Totals

==============================================================================

    Total RO  Size (Code + RO Data)                17644 (  17.23kB)
    Total RW  Size (RW Data + ZI Data)              3464 (   3.38kB)
    Total ROM Size (Code + RO Data + RW Data)      17776 (  17.36kB)

==============================================================================

