<html>
<body>
<pre>
<h1>礦ision Build Log</h1>
<h2>Tool Versions:</h2>
IDE-Version: μVision V5.14.0.0
Copyright (C) 2015 ARM Ltd and ARM Germany GmbH. All rights reserved.
License Information: keil Administrator, keil, LIC=1WSNN-YEU89-D3CM3-AB5H8-6HJEI-0H85V
 
Tool Versions:
Toolchain:       MDK-ARM Professional  Version: 5.14.0.0
Toolchain Path:  D:\keil5\ARM\ARMCC\Bin
C Compiler:      Armcc.exe V5.05 update 1 (build 106)
Assembler:       Armasm.exe V5.05 update 1 (build 106)
Linker/Locator:  ArmLink.exe V5.05 update 1 (build 106)
Library Manager: ArmAr.exe V5.05 update 1 (build 106)
Hex Converter:   FromElf.exe V5.05 update 1 (build 106)
CPU DLL:         SARMCM3.DLL V5.14.0.0
Dialog DLL:      DCM.DLL V1.13.1.0
Target DLL:      Segger\JL2CM3.dll V2.99.13.0
Dialog DLL:      TCM.DLL V1.14.4.0
 
<h2>Project:</h2>
C:\Users\Administrator\Desktop\轮式\电控\代码\CAR1_B_V0.0.3\CAR1_B_V0.0.2--7.17.10.34(自己场地调好)\MDK-ARM\GX_Logistics_MC.uvprojx
Project File Date:  06/09/2019

<h2>Output:</h2>
Build target 'GX_Logistics_MC'
compiling main.c...
linking...
Program Size: Code=17252 RO-data=392 RW-data=132 ZI-data=3332  
FromELF: creating hex file...
"GX_Logistics_MC\GX_Logistics_MC.axf" - 0 Error(s), 0 Warning(s).

<h2>Collection of Component include folders:</h2>
  C:\Users\Administrator\Desktop\轮式\电控\代码\CAR1_B_V0.0.3\CAR1_B_V0.0.2--7.17.10.34(自己场地调好)\MDK-ARM\RTE
  D:\keil5\ARM\PACK\Keil\STM32F1xx_DFP\1.0.5\Device\Include

<h2>Collection of Component Files used:</h2>
</pre>
</body>
</html>
