<html>
<body>
<pre>
<h1>µVision Build Log</h1>
<h2>Tool Versions:</h2>
IDE-Version: ¦ÌVision V5.14.0.0
Copyright (C) 2015 ARM Ltd and ARM Germany GmbH. All rights reserved.
License Information: keil Administrator, keil, LIC=1WSNN-YEU89-D3CM3-AB5H8-6HJEI-0H85V
 
Tool Versions:
Toolchain:       MDK-ARM Professional  Version: 5.14.0.0
Toolchain Path:  D:\keil5\ARM\ARMCC\Bin
C Compiler:      Armcc.exe V5.05 update 1 (build 106)
Assembler:       Armasm.exe V5.05 update 1 (build 106)
Linker/Locator:  ArmLink.exe V5.05 update 1 (build 106)
Library Manager: ArmAr.exe V5.05 update 1 (build 106)
Hex Converter:   FromElf.exe V5.05 update 1 (build 106)
CPU DLL:         SARMCM3.DLL V5.14.0.0
Dialog DLL:      DCM.DLL V1.13.1.0
Target DLL:      Segger\JL2CM3.dll V2.99.13.0
Dialog DLL:      TCM.DLL V1.14.4.0
 
<h2>Project:</h2>
E:\Gitspace\Car1\car_code\MDK-ARM\GX_Logistics_MC.uvprojx
Project File Date:  06/09/2019

<h2>Output:</h2>
Build target 'GX_Logistics_MC'
assembling startup_stm32f105xc.s...
compiling main.c...
compiling stm32f1xx_it.c...
compiling stm32f1xx_hal_gpio_ex.c...
compiling stm32f1xx_hal_tim.c...
compiling stm32f1xx_hal_tim_ex.c...
compiling stm32f1xx_hal.c...
compiling stm32f1xx_hal_rcc.c...
compiling stm32f1xx_hal_rcc_ex.c...
compiling stm32f1xx_hal_gpio.c...
compiling stm32f1xx_hal_dma.c...
compiling stm32f1xx_hal_cortex.c...
compiling stm32f1xx_hal_pwr.c...
compiling stm32f1xx_hal_flash.c...
compiling stm32f1xx_hal_flash_ex.c...
compiling stm32f1xx_hal_can.c...
compiling stm32f1xx_hal_spi.c...
compiling stm32f1xx_hal_spi_ex.c...
compiling stm32f1xx_hal_uart.c...
compiling stm32f1xx_hal_adc.c...
compiling stm32f1xx_hal_adc_ex.c...
compiling system_stm32f1xx.c...
compiling stm32f1xx_hal_msp.c...
compiling filter.c...
compiling pcma13.c...
compiling pid.c...
compiling bsp_gpio.c...
compiling bsp_can.c...
compiling spi.c...
compiling delay.c...
compiling iic.c...
compiling tim.c...
compiling adc.c...
compiling usart.c...
compiling device_led.c...
compiling device_m2006.c...
compiling oled.c...
compiling protocal.c...
compiling module_chassis.c...
..\Code\Module\module_chassis.c(33): warning:  #550-D: variable "msg" was set but never used
        uint8_t msg[8];
..\Code\Module\module_chassis.c(43): warning:  #550-D: variable "vw4" was set but never used
        double vw1, vw2, vw3, vw4, imu;
..\Code\Module\module_chassis.c(43): warning:  #177-D: variable "imu" was declared but never referenced
        double vw1, vw2, vw3, vw4, imu;
..\Code\Module\module_chassis.c(248): warning:  #223-D: function "m2006ResetRoundcnt" declared implicitly
                                        m2006ResetRoundcnt(&m2006);
..\Code\Module\module_chassis.c: 4 warnings, 0 errors
linking...
Program Size: Code=15056 RO-data=392 RW-data=132 ZI-data=3308  
FromELF: creating hex file...
"GX_Logistics_MC\GX_Logistics_MC.axf" - 0 Error(s), 4 Warning(s).

<h2>Collection of Component include folders:</h2>
  E:\Gitspace\Car1\car_code\MDK-ARM\RTE
  D:\keil5\ARM\PACK\Keil\STM32F1xx_DFP\1.0.5\Device\Include

<h2>Collection of Component Files used:</h2>
</pre>
</body>
</html>
